<!doctype html public "-//w3c//dtd html 4.0 transitional//en">
<html><head>
<title>Static Call Graph - [.\Camera\Camera.axf]</title></head>
<body><HR>
<H1>Static Call Graph for image .\Camera\Camera.axf</H1><HR>
<BR><P>#&#060CALLGRAPH&#062# ARM Linker, 6190004: Last Updated: Mon Apr  6 20:31:08 2026
<BR><P>
<H3>Maximum Stack Usage =       1360 bytes + Unknown(Cycles, Untraceable Function Pointers)</H3><H3>
Call chain for Maximum Stack Depth:</H3>
main &rArr; MX_USART2_UART_Init &rArr; HAL_UART_Init &rArr; HAL_UART_MspInit &rArr; HAL_RCCEx_PeriphCLKConfig &rArr; RCCEx_PLL3_Config
<P>
<H3>
Mutually Recursive functions
</H3> <LI><a href="#[99]">ADC3_IRQHandler</a>&nbsp;&nbsp;&nbsp;&rArr;&nbsp;&nbsp;&nbsp;<a href="#[99]">ADC3_IRQHandler</a><BR>
 <LI><a href="#[1c]">BusFault_Handler</a>&nbsp;&nbsp;&nbsp;&rArr;&nbsp;&nbsp;&nbsp;<a href="#[1c]">BusFault_Handler</a><BR>
 <LI><a href="#[1a]">HardFault_Handler</a>&nbsp;&nbsp;&nbsp;&rArr;&nbsp;&nbsp;&nbsp;<a href="#[1a]">HardFault_Handler</a><BR>
 <LI><a href="#[1b]">MemManage_Handler</a>&nbsp;&nbsp;&nbsp;&rArr;&nbsp;&nbsp;&nbsp;<a href="#[1b]">MemManage_Handler</a><BR>
 <LI><a href="#[19]">NMI_Handler</a>&nbsp;&nbsp;&nbsp;&rArr;&nbsp;&nbsp;&nbsp;<a href="#[19]">NMI_Handler</a><BR>
 <LI><a href="#[1d]">UsageFault_Handler</a>&nbsp;&nbsp;&nbsp;&rArr;&nbsp;&nbsp;&nbsp;<a href="#[1d]">UsageFault_Handler</a><BR>
</UL>
<P>
<H3>
Function Pointers
</H3><UL>
 <LI><a href="#[99]">ADC3_IRQHandler</a> from startup_stm32h743xx.o(.text) referenced from startup_stm32h743xx.o(RESET)
 <LI><a href="#[34]">ADC_IRQHandler</a> from startup_stm32h743xx.o(.text) referenced from startup_stm32h743xx.o(RESET)
 <LI><a href="#[9b]">BDMA_Channel0_IRQHandler</a> from startup_stm32h743xx.o(.text) referenced from startup_stm32h743xx.o(RESET)
 <LI><a href="#[9c]">BDMA_Channel1_IRQHandler</a> from startup_stm32h743xx.o(.text) referenced from startup_stm32h743xx.o(RESET)
 <LI><a href="#[9d]">BDMA_Channel2_IRQHandler</a> from startup_stm32h743xx.o(.text) referenced from startup_stm32h743xx.o(RESET)
 <LI><a href="#[9e]">BDMA_Channel3_IRQHandler</a> from startup_stm32h743xx.o(.text) referenced from startup_stm32h743xx.o(RESET)
 <LI><a href="#[9f]">BDMA_Channel4_IRQHandler</a> from startup_stm32h743xx.o(.text) referenced from startup_stm32h743xx.o(RESET)
 <LI><a href="#[a0]">BDMA_Channel5_IRQHandler</a> from startup_stm32h743xx.o(.text) referenced from startup_stm32h743xx.o(RESET)
 <LI><a href="#[a1]">BDMA_Channel6_IRQHandler</a> from startup_stm32h743xx.o(.text) referenced from startup_stm32h743xx.o(RESET)
 <LI><a href="#[a2]">BDMA_Channel7_IRQHandler</a> from startup_stm32h743xx.o(.text) referenced from startup_stm32h743xx.o(RESET)
 <LI><a href="#[1c]">BusFault_Handler</a> from stm32h7xx_it.o(.text.BusFault_Handler) referenced from startup_stm32h743xx.o(RESET)
 <LI><a href="#[7a]">CEC_IRQHandler</a> from startup_stm32h743xx.o(.text) referenced from startup_stm32h743xx.o(RESET)
 <LI><a href="#[a3]">COMP1_IRQHandler</a> from startup_stm32h743xx.o(.text) referenced from startup_stm32h743xx.o(RESET)
 <LI><a href="#[a9]">CRS_IRQHandler</a> from startup_stm32h743xx.o(.text) referenced from startup_stm32h743xx.o(RESET)
 <LI><a href="#[b5]">DCMI_DMAError</a> from stm32h7xx_hal_dcmi.o(.text.DCMI_DMAError) referenced 2 times from stm32h7xx_hal_dcmi.o(.text.HAL_DCMI_IRQHandler)
 <LI><a href="#[b5]">DCMI_DMAError</a> from stm32h7xx_hal_dcmi.o(.text.DCMI_DMAError) referenced 2 times from stm32h7xx_hal_dcmi.o(.text.HAL_DCMI_Start_DMA)
 <LI><a href="#[b6]">DCMI_DMAXferCplt</a> from stm32h7xx_hal_dcmi.o(.text.DCMI_DMAXferCplt) referenced 2 times from stm32h7xx_hal_dcmi.o(.text.HAL_DCMI_Start_DMA)
 <LI><a href="#[6b]">DCMI_IRQHandler</a> from stm32h7xx_it.o(.text.DCMI_IRQHandler) referenced from startup_stm32h743xx.o(RESET)
 <LI><a href="#[8a]">DFSDM1_FLT0_IRQHandler</a> from startup_stm32h743xx.o(.text) referenced from startup_stm32h743xx.o(RESET)
 <LI><a href="#[8b]">DFSDM1_FLT1_IRQHandler</a> from startup_stm32h743xx.o(.text) referenced from startup_stm32h743xx.o(RESET)
 <LI><a href="#[8c]">DFSDM1_FLT2_IRQHandler</a> from startup_stm32h743xx.o(.text) referenced from startup_stm32h743xx.o(RESET)
 <LI><a href="#[8d]">DFSDM1_FLT3_IRQHandler</a> from startup_stm32h743xx.o(.text) referenced from startup_stm32h743xx.o(RESET)
 <LI><a href="#[2d]">DMA1_Stream0_IRQHandler</a> from startup_stm32h743xx.o(.text) referenced from startup_stm32h743xx.o(RESET)
 <LI><a href="#[2e]">DMA1_Stream1_IRQHandler</a> from startup_stm32h743xx.o(.text) referenced from startup_stm32h743xx.o(RESET)
 <LI><a href="#[2f]">DMA1_Stream2_IRQHandler</a> from startup_stm32h743xx.o(.text) referenced from startup_stm32h743xx.o(RESET)
 <LI><a href="#[30]">DMA1_Stream3_IRQHandler</a> from startup_stm32h743xx.o(.text) referenced from startup_stm32h743xx.o(RESET)
 <LI><a href="#[31]">DMA1_Stream4_IRQHandler</a> from startup_stm32h743xx.o(.text) referenced from startup_stm32h743xx.o(RESET)
 <LI><a href="#[32]">DMA1_Stream5_IRQHandler</a> from startup_stm32h743xx.o(.text) referenced from startup_stm32h743xx.o(RESET)
 <LI><a href="#[33]">DMA1_Stream6_IRQHandler</a> from startup_stm32h743xx.o(.text) referenced from startup_stm32h743xx.o(RESET)
 <LI><a href="#[50]">DMA1_Stream7_IRQHandler</a> from startup_stm32h743xx.o(.text) referenced from startup_stm32h743xx.o(RESET)
 <LI><a href="#[76]">DMA2D_IRQHandler</a> from startup_stm32h743xx.o(.text) referenced from startup_stm32h743xx.o(RESET)
 <LI><a href="#[59]">DMA2_Stream0_IRQHandler</a> from startup_stm32h743xx.o(.text) referenced from startup_stm32h743xx.o(RESET)
 <LI><a href="#[5a]">DMA2_Stream1_IRQHandler</a> from stm32h7xx_it.o(.text.DMA2_Stream1_IRQHandler) referenced from startup_stm32h743xx.o(RESET)
 <LI><a href="#[5b]">DMA2_Stream2_IRQHandler</a> from startup_stm32h743xx.o(.text) referenced from startup_stm32h743xx.o(RESET)
 <LI><a href="#[5c]">DMA2_Stream3_IRQHandler</a> from startup_stm32h743xx.o(.text) referenced from startup_stm32h743xx.o(RESET)
 <LI><a href="#[5d]">DMA2_Stream4_IRQHandler</a> from startup_stm32h743xx.o(.text) referenced from startup_stm32h743xx.o(RESET)
 <LI><a href="#[61]">DMA2_Stream5_IRQHandler</a> from startup_stm32h743xx.o(.text) referenced from startup_stm32h743xx.o(RESET)
 <LI><a href="#[62]">DMA2_Stream6_IRQHandler</a> from startup_stm32h743xx.o(.text) referenced from startup_stm32h743xx.o(RESET)
 <LI><a href="#[63]">DMA2_Stream7_IRQHandler</a> from startup_stm32h743xx.o(.text) referenced from startup_stm32h743xx.o(RESET)
 <LI><a href="#[82]">DMAMUX1_OVR_IRQHandler</a> from startup_stm32h743xx.o(.text) referenced from startup_stm32h743xx.o(RESET)
 <LI><a href="#[9a]">DMAMUX2_OVR_IRQHandler</a> from startup_stm32h743xx.o(.text) referenced from startup_stm32h743xx.o(RESET)
 <LI><a href="#[1f]">DebugMon_Handler</a> from stm32h7xx_it.o(.text.DebugMon_Handler) referenced from startup_stm32h743xx.o(RESET)
 <LI><a href="#[aa]">ECC_IRQHandler</a> from startup_stm32h743xx.o(.text) referenced from startup_stm32h743xx.o(RESET)
 <LI><a href="#[5e]">ETH_IRQHandler</a> from startup_stm32h743xx.o(.text) referenced from startup_stm32h743xx.o(RESET)
 <LI><a href="#[5f]">ETH_WKUP_IRQHandler</a> from startup_stm32h743xx.o(.text) referenced from startup_stm32h743xx.o(RESET)
 <LI><a href="#[28]">EXTI0_IRQHandler</a> from startup_stm32h743xx.o(.text) referenced from startup_stm32h743xx.o(RESET)
 <LI><a href="#[4a]">EXTI15_10_IRQHandler</a> from startup_stm32h743xx.o(.text) referenced from startup_stm32h743xx.o(RESET)
 <LI><a href="#[29]">EXTI1_IRQHandler</a> from startup_stm32h743xx.o(.text) referenced from startup_stm32h743xx.o(RESET)
 <LI><a href="#[2a]">EXTI2_IRQHandler</a> from startup_stm32h743xx.o(.text) referenced from startup_stm32h743xx.o(RESET)
 <LI><a href="#[2b]">EXTI3_IRQHandler</a> from startup_stm32h743xx.o(.text) referenced from startup_stm32h743xx.o(RESET)
 <LI><a href="#[2c]">EXTI4_IRQHandler</a> from startup_stm32h743xx.o(.text) referenced from startup_stm32h743xx.o(RESET)
 <LI><a href="#[39]">EXTI9_5_IRQHandler</a> from startup_stm32h743xx.o(.text) referenced from startup_stm32h743xx.o(RESET)
 <LI><a href="#[ae]">ExitRun0Mode</a> from system_stm32h7xx.o(.text.ExitRun0Mode) referenced from startup_stm32h743xx.o(.text)
 <LI><a href="#[35]">FDCAN1_IT0_IRQHandler</a> from startup_stm32h743xx.o(.text) referenced from startup_stm32h743xx.o(RESET)
 <LI><a href="#[37]">FDCAN1_IT1_IRQHandler</a> from startup_stm32h743xx.o(.text) referenced from startup_stm32h743xx.o(RESET)
 <LI><a href="#[36]">FDCAN2_IT0_IRQHandler</a> from startup_stm32h743xx.o(.text) referenced from startup_stm32h743xx.o(RESET)
 <LI><a href="#[38]">FDCAN2_IT1_IRQHandler</a> from startup_stm32h743xx.o(.text) referenced from startup_stm32h743xx.o(RESET)
 <LI><a href="#[60]">FDCAN_CAL_IRQHandler</a> from startup_stm32h743xx.o(.text) referenced from startup_stm32h743xx.o(RESET)
 <LI><a href="#[26]">FLASH_IRQHandler</a> from startup_stm32h743xx.o(.text) referenced from startup_stm32h743xx.o(RESET)
 <LI><a href="#[51]">FMC_IRQHandler</a> from startup_stm32h743xx.o(.text) referenced from startup_stm32h743xx.o(RESET)
 <LI><a href="#[6d]">FPU_IRQHandler</a> from startup_stm32h743xx.o(.text) referenced from startup_stm32h743xx.o(RESET)
 <LI><a href="#[89]">HRTIM1_FLT_IRQHandler</a> from startup_stm32h743xx.o(.text) referenced from startup_stm32h743xx.o(RESET)
 <LI><a href="#[83]">HRTIM1_Master_IRQHandler</a> from startup_stm32h743xx.o(.text) referenced from startup_stm32h743xx.o(RESET)
 <LI><a href="#[84]">HRTIM1_TIMA_IRQHandler</a> from startup_stm32h743xx.o(.text) referenced from startup_stm32h743xx.o(RESET)
 <LI><a href="#[85]">HRTIM1_TIMB_IRQHandler</a> from startup_stm32h743xx.o(.text) referenced from startup_stm32h743xx.o(RESET)
 <LI><a href="#[86]">HRTIM1_TIMC_IRQHandler</a> from startup_stm32h743xx.o(.text) referenced from startup_stm32h743xx.o(RESET)
 <LI><a href="#[87]">HRTIM1_TIMD_IRQHandler</a> from startup_stm32h743xx.o(.text) referenced from startup_stm32h743xx.o(RESET)
 <LI><a href="#[88]">HRTIM1_TIME_IRQHandler</a> from startup_stm32h743xx.o(.text) referenced from startup_stm32h743xx.o(RESET)
 <LI><a href="#[98]">HSEM1_IRQHandler</a> from startup_stm32h743xx.o(.text) referenced from startup_stm32h743xx.o(RESET)
 <LI><a href="#[1a]">HardFault_Handler</a> from stm32h7xx_it.o(.text.HardFault_Handler) referenced from startup_stm32h743xx.o(RESET)
 <LI><a href="#[42]">I2C1_ER_IRQHandler</a> from startup_stm32h743xx.o(.text) referenced from startup_stm32h743xx.o(RESET)
 <LI><a href="#[41]">I2C1_EV_IRQHandler</a> from startup_stm32h743xx.o(.text) referenced from startup_stm32h743xx.o(RESET)
 <LI><a href="#[44]">I2C2_ER_IRQHandler</a> from startup_stm32h743xx.o(.text) referenced from startup_stm32h743xx.o(RESET)
 <LI><a href="#[43]">I2C2_EV_IRQHandler</a> from startup_stm32h743xx.o(.text) referenced from startup_stm32h743xx.o(RESET)
 <LI><a href="#[66]">I2C3_ER_IRQHandler</a> from startup_stm32h743xx.o(.text) referenced from startup_stm32h743xx.o(RESET)
 <LI><a href="#[65]">I2C3_EV_IRQHandler</a> from startup_stm32h743xx.o(.text) referenced from startup_stm32h743xx.o(RESET)
 <LI><a href="#[7c]">I2C4_ER_IRQHandler</a> from startup_stm32h743xx.o(.text) referenced from startup_stm32h743xx.o(RESET)
 <LI><a href="#[7b]">I2C4_EV_IRQHandler</a> from startup_stm32h743xx.o(.text) referenced from startup_stm32h743xx.o(RESET)
 <LI><a href="#[95]">JPEG_IRQHandler</a> from startup_stm32h743xx.o(.text) referenced from startup_stm32h743xx.o(RESET)
 <LI><a href="#[79]">LPTIM1_IRQHandler</a> from startup_stm32h743xx.o(.text) referenced from startup_stm32h743xx.o(RESET)
 <LI><a href="#[a4]">LPTIM2_IRQHandler</a> from startup_stm32h743xx.o(.text) referenced from startup_stm32h743xx.o(RESET)
 <LI><a href="#[a5]">LPTIM3_IRQHandler</a> from startup_stm32h743xx.o(.text) referenced from startup_stm32h743xx.o(RESET)
 <LI><a href="#[a6]">LPTIM4_IRQHandler</a> from startup_stm32h743xx.o(.text) referenced from startup_stm32h743xx.o(RESET)
 <LI><a href="#[a7]">LPTIM5_IRQHandler</a> from startup_stm32h743xx.o(.text) referenced from startup_stm32h743xx.o(RESET)
 <LI><a href="#[a8]">LPUART1_IRQHandler</a> from startup_stm32h743xx.o(.text) referenced from startup_stm32h743xx.o(RESET)
 <LI><a href="#[75]">LTDC_ER_IRQHandler</a> from startup_stm32h743xx.o(.text) referenced from startup_stm32h743xx.o(RESET)
 <LI><a href="#[74]">LTDC_IRQHandler</a> from startup_stm32h743xx.o(.text) referenced from startup_stm32h743xx.o(RESET)
 <LI><a href="#[94]">MDIOS_IRQHandler</a> from startup_stm32h743xx.o(.text) referenced from startup_stm32h743xx.o(RESET)
 <LI><a href="#[93]">MDIOS_WKUP_IRQHandler</a> from startup_stm32h743xx.o(.text) referenced from startup_stm32h743xx.o(RESET)
 <LI><a href="#[96]">MDMA_IRQHandler</a> from startup_stm32h743xx.o(.text) referenced from startup_stm32h743xx.o(RESET)
 <LI><a href="#[1b]">MemManage_Handler</a> from stm32h7xx_it.o(.text.MemManage_Handler) referenced from startup_stm32h743xx.o(RESET)
 <LI><a href="#[19]">NMI_Handler</a> from stm32h7xx_it.o(.text.NMI_Handler) referenced from startup_stm32h743xx.o(RESET)
 <LI><a href="#[7f]">OTG_FS_EP1_IN_IRQHandler</a> from startup_stm32h743xx.o(.text) referenced from startup_stm32h743xx.o(RESET)
 <LI><a href="#[7e]">OTG_FS_EP1_OUT_IRQHandler</a> from startup_stm32h743xx.o(.text) referenced from startup_stm32h743xx.o(RESET)
 <LI><a href="#[81]">OTG_FS_IRQHandler</a> from startup_stm32h743xx.o(.text) referenced from startup_stm32h743xx.o(RESET)
 <LI><a href="#[80]">OTG_FS_WKUP_IRQHandler</a> from startup_stm32h743xx.o(.text) referenced from startup_stm32h743xx.o(RESET)
 <LI><a href="#[68]">OTG_HS_EP1_IN_IRQHandler</a> from startup_stm32h743xx.o(.text) referenced from startup_stm32h743xx.o(RESET)
 <LI><a href="#[67]">OTG_HS_EP1_OUT_IRQHandler</a> from startup_stm32h743xx.o(.text) referenced from startup_stm32h743xx.o(RESET)
 <LI><a href="#[6a]">OTG_HS_IRQHandler</a> from startup_stm32h743xx.o(.text) referenced from startup_stm32h743xx.o(RESET)
 <LI><a href="#[69]">OTG_HS_WKUP_IRQHandler</a> from startup_stm32h743xx.o(.text) referenced from startup_stm32h743xx.o(RESET)
 <LI><a href="#[23]">PVD_AVD_IRQHandler</a> from startup_stm32h743xx.o(.text) referenced from startup_stm32h743xx.o(RESET)
 <LI><a href="#[20]">PendSV_Handler</a> from stm32h7xx_it.o(.text.PendSV_Handler) referenced from startup_stm32h743xx.o(RESET)
 <LI><a href="#[78]">QUADSPI_IRQHandler</a> from startup_stm32h743xx.o(.text) referenced from startup_stm32h743xx.o(RESET)
 <LI><a href="#[27]">RCC_IRQHandler</a> from stm32h7xx_it.o(.text.RCC_IRQHandler) referenced from startup_stm32h743xx.o(RESET)
 <LI><a href="#[6c]">RNG_IRQHandler</a> from startup_stm32h743xx.o(.text) referenced from startup_stm32h743xx.o(RESET)
 <LI><a href="#[4b]">RTC_Alarm_IRQHandler</a> from startup_stm32h743xx.o(.text) referenced from startup_stm32h743xx.o(RESET)
 <LI><a href="#[25]">RTC_WKUP_IRQHandler</a> from startup_stm32h743xx.o(.text) referenced from startup_stm32h743xx.o(RESET)
 <LI><a href="#[18]">Reset_Handler</a> from startup_stm32h743xx.o(.text) referenced from startup_stm32h743xx.o(RESET)
 <LI><a href="#[73]">SAI1_IRQHandler</a> from startup_stm32h743xx.o(.text) referenced from startup_stm32h743xx.o(RESET)
 <LI><a href="#[77]">SAI2_IRQHandler</a> from startup_stm32h743xx.o(.text) referenced from startup_stm32h743xx.o(RESET)
 <LI><a href="#[8e]">SAI3_IRQHandler</a> from startup_stm32h743xx.o(.text) referenced from startup_stm32h743xx.o(RESET)
 <LI><a href="#[ab]">SAI4_IRQHandler</a> from startup_stm32h743xx.o(.text) referenced from startup_stm32h743xx.o(RESET)
 <LI><a href="#[52]">SDMMC1_IRQHandler</a> from startup_stm32h743xx.o(.text) referenced from startup_stm32h743xx.o(RESET)
 <LI><a href="#[97]">SDMMC2_IRQHandler</a> from startup_stm32h743xx.o(.text) referenced from startup_stm32h743xx.o(RESET)
 <LI><a href="#[7d]">SPDIF_RX_IRQHandler</a> from startup_stm32h743xx.o(.text) referenced from startup_stm32h743xx.o(RESET)
 <LI><a href="#[45]">SPI1_IRQHandler</a> from startup_stm32h743xx.o(.text) referenced from startup_stm32h743xx.o(RESET)
 <LI><a href="#[46]">SPI2_IRQHandler</a> from startup_stm32h743xx.o(.text) referenced from startup_stm32h743xx.o(RESET)
 <LI><a href="#[54]">SPI3_IRQHandler</a> from startup_stm32h743xx.o(.text) referenced from startup_stm32h743xx.o(RESET)
 <LI><a href="#[70]">SPI4_IRQHandler</a> from startup_stm32h743xx.o(.text) referenced from startup_stm32h743xx.o(RESET)
 <LI><a href="#[71]">SPI5_IRQHandler</a> from startup_stm32h743xx.o(.text) referenced from startup_stm32h743xx.o(RESET)
 <LI><a href="#[72]">SPI6_IRQHandler</a> from startup_stm32h743xx.o(.text) referenced from startup_stm32h743xx.o(RESET)
 <LI><a href="#[1e]">SVC_Handler</a> from stm32h7xx_it.o(.text.SVC_Handler) referenced from startup_stm32h743xx.o(RESET)
 <LI><a href="#[8f]">SWPMI1_IRQHandler</a> from startup_stm32h743xx.o(.text) referenced from startup_stm32h743xx.o(RESET)
 <LI><a href="#[21]">SysTick_Handler</a> from stm32h7xx_it.o(.text.SysTick_Handler) referenced from startup_stm32h743xx.o(RESET)
 <LI><a href="#[af]">SystemInit</a> from system_stm32h7xx.o(.text.SystemInit) referenced from startup_stm32h743xx.o(.text)
 <LI><a href="#[24]">TAMP_STAMP_IRQHandler</a> from startup_stm32h743xx.o(.text) referenced from startup_stm32h743xx.o(RESET)
 <LI><a href="#[90]">TIM15_IRQHandler</a> from startup_stm32h743xx.o(.text) referenced from startup_stm32h743xx.o(RESET)
 <LI><a href="#[91]">TIM16_IRQHandler</a> from startup_stm32h743xx.o(.text) referenced from startup_stm32h743xx.o(RESET)
 <LI><a href="#[92]">TIM17_IRQHandler</a> from startup_stm32h743xx.o(.text) referenced from startup_stm32h743xx.o(RESET)
 <LI><a href="#[3a]">TIM1_BRK_IRQHandler</a> from startup_stm32h743xx.o(.text) referenced from startup_stm32h743xx.o(RESET)
 <LI><a href="#[3d]">TIM1_CC_IRQHandler</a> from startup_stm32h743xx.o(.text) referenced from startup_stm32h743xx.o(RESET)
 <LI><a href="#[3c]">TIM1_TRG_COM_IRQHandler</a> from startup_stm32h743xx.o(.text) referenced from startup_stm32h743xx.o(RESET)
 <LI><a href="#[3b]">TIM1_UP_IRQHandler</a> from startup_stm32h743xx.o(.text) referenced from startup_stm32h743xx.o(RESET)
 <LI><a href="#[3e]">TIM2_IRQHandler</a> from startup_stm32h743xx.o(.text) referenced from startup_stm32h743xx.o(RESET)
 <LI><a href="#[3f]">TIM3_IRQHandler</a> from startup_stm32h743xx.o(.text) referenced from startup_stm32h743xx.o(RESET)
 <LI><a href="#[40]">TIM4_IRQHandler</a> from startup_stm32h743xx.o(.text) referenced from startup_stm32h743xx.o(RESET)
 <LI><a href="#[53]">TIM5_IRQHandler</a> from startup_stm32h743xx.o(.text) referenced from startup_stm32h743xx.o(RESET)
 <LI><a href="#[57]">TIM6_DAC_IRQHandler</a> from startup_stm32h743xx.o(.text) referenced from startup_stm32h743xx.o(RESET)
 <LI><a href="#[58]">TIM7_IRQHandler</a> from startup_stm32h743xx.o(.text) referenced from startup_stm32h743xx.o(RESET)
 <LI><a href="#[4c]">TIM8_BRK_TIM12_IRQHandler</a> from startup_stm32h743xx.o(.text) referenced from startup_stm32h743xx.o(RESET)
 <LI><a href="#[4f]">TIM8_CC_IRQHandler</a> from startup_stm32h743xx.o(.text) referenced from startup_stm32h743xx.o(RESET)
 <LI><a href="#[4e]">TIM8_TRG_COM_TIM14_IRQHandler</a> from startup_stm32h743xx.o(.text) referenced from startup_stm32h743xx.o(RESET)
 <LI><a href="#[4d]">TIM8_UP_TIM13_IRQHandler</a> from startup_stm32h743xx.o(.text) referenced from startup_stm32h743xx.o(RESET)
 <LI><a href="#[55]">UART4_IRQHandler</a> from startup_stm32h743xx.o(.text) referenced from startup_stm32h743xx.o(RESET)
 <LI><a href="#[56]">UART5_IRQHandler</a> from startup_stm32h743xx.o(.text) referenced from startup_stm32h743xx.o(RESET)
 <LI><a href="#[6e]">UART7_IRQHandler</a> from startup_stm32h743xx.o(.text) referenced from startup_stm32h743xx.o(RESET)
 <LI><a href="#[6f]">UART8_IRQHandler</a> from startup_stm32h743xx.o(.text) referenced from startup_stm32h743xx.o(RESET)
 <LI><a href="#[b7]">UART_DMAAbortOnError</a> from stm32h7xx_hal_uart.o(.text.UART_DMAAbortOnError) referenced 2 times from stm32h7xx_hal_uart.o(.text.HAL_UART_IRQHandler)
 <LI><a href="#[b8]">UART_RxISR_16BIT</a> from stm32h7xx_hal_uart.o(.text.UART_RxISR_16BIT) referenced 2 times from stm32h7xx_hal_uart.o(.text.UART_RxISR_16BIT_FIFOEN)
 <LI><a href="#[b8]">UART_RxISR_16BIT</a> from stm32h7xx_hal_uart.o(.text.UART_RxISR_16BIT) referenced 2 times from stm32h7xx_hal_uart.o(.text.UART_Start_Receive_IT)
 <LI><a href="#[bb]">UART_RxISR_16BIT_FIFOEN</a> from stm32h7xx_hal_uart.o(.text.UART_RxISR_16BIT_FIFOEN) referenced 2 times from stm32h7xx_hal_uart.o(.text.UART_Start_Receive_IT)
 <LI><a href="#[b9]">UART_RxISR_8BIT</a> from stm32h7xx_hal_uart.o(.text.UART_RxISR_8BIT) referenced 2 times from stm32h7xx_hal_uart.o(.text.UART_RxISR_8BIT_FIFOEN)
 <LI><a href="#[b9]">UART_RxISR_8BIT</a> from stm32h7xx_hal_uart.o(.text.UART_RxISR_8BIT) referenced 2 times from stm32h7xx_hal_uart.o(.text.UART_Start_Receive_IT)
 <LI><a href="#[ba]">UART_RxISR_8BIT_FIFOEN</a> from stm32h7xx_hal_uart.o(.text.UART_RxISR_8BIT_FIFOEN) referenced 2 times from stm32h7xx_hal_uart.o(.text.UART_Start_Receive_IT)
 <LI><a href="#[47]">USART1_IRQHandler</a> from startup_stm32h743xx.o(.text) referenced from startup_stm32h743xx.o(RESET)
 <LI><a href="#[48]">USART2_IRQHandler</a> from stm32h7xx_it.o(.text.USART2_IRQHandler) referenced from startup_stm32h743xx.o(RESET)
 <LI><a href="#[49]">USART3_IRQHandler</a> from startup_stm32h743xx.o(.text) referenced from startup_stm32h743xx.o(RESET)
 <LI><a href="#[64]">USART6_IRQHandler</a> from startup_stm32h743xx.o(.text) referenced from startup_stm32h743xx.o(RESET)
 <LI><a href="#[1d]">UsageFault_Handler</a> from stm32h7xx_it.o(.text.UsageFault_Handler) referenced from startup_stm32h743xx.o(RESET)
 <LI><a href="#[ac]">WAKEUP_PIN_IRQHandler</a> from startup_stm32h743xx.o(.text) referenced from startup_stm32h743xx.o(RESET)
 <LI><a href="#[22]">WWDG_IRQHandler</a> from startup_stm32h743xx.o(.text) referenced from startup_stm32h743xx.o(RESET)
 <LI><a href="#[b0]">__main</a> from entry.o(.ARM.Collect$$$$00000000) referenced from startup_stm32h743xx.o(.text)
 <LI><a href="#[b2]">_sbackspace</a> from _sgetc.o(.text) referenced from __0sscanf.o(.text)
 <LI><a href="#[b3]">_scanf_char_input</a> from scanf_char.o(.text) referenced from scanf_char.o(.text)
 <LI><a href="#[b1]">_sgetc</a> from _sgetc.o(.text) referenced from __0sscanf.o(.text)
 <LI><a href="#[17]">ai_div_buffer_f32</a> from ai_math_helpers.o(i.ai_div_buffer_f32) referenced 2 times from network.o(.data.node_303_layer)
 <LI><a href="#[16]">ai_div_f32</a> from ai_math_helpers.o(i.ai_div_f32) referenced 2 times from network.o(.data.node_303_layer)
 <LI><a href="#[3]">ai_mul_buffer_INT8</a> from ai_math_helpers.o(i.ai_mul_buffer_INT8) referenced 2 times from network.o(.data.node_102_layer)
 <LI><a href="#[3]">ai_mul_buffer_INT8</a> from ai_math_helpers.o(i.ai_mul_buffer_INT8) referenced 2 times from network.o(.data.node_105_layer)
 <LI><a href="#[3]">ai_mul_buffer_INT8</a> from ai_math_helpers.o(i.ai_mul_buffer_INT8) referenced 2 times from network.o(.data.node_108_layer)
 <LI><a href="#[3]">ai_mul_buffer_INT8</a> from ai_math_helpers.o(i.ai_mul_buffer_INT8) referenced 2 times from network.o(.data.node_114_layer)
 <LI><a href="#[3]">ai_mul_buffer_INT8</a> from ai_math_helpers.o(i.ai_mul_buffer_INT8) referenced 2 times from network.o(.data.node_117_layer)
 <LI><a href="#[3]">ai_mul_buffer_INT8</a> from ai_math_helpers.o(i.ai_mul_buffer_INT8) referenced 2 times from network.o(.data.node_122_layer)
 <LI><a href="#[3]">ai_mul_buffer_INT8</a> from ai_math_helpers.o(i.ai_mul_buffer_INT8) referenced 2 times from network.o(.data.node_125_layer)
 <LI><a href="#[3]">ai_mul_buffer_INT8</a> from ai_math_helpers.o(i.ai_mul_buffer_INT8) referenced 2 times from network.o(.data.node_128_layer)
 <LI><a href="#[3]">ai_mul_buffer_INT8</a> from ai_math_helpers.o(i.ai_mul_buffer_INT8) referenced 2 times from network.o(.data.node_134_layer)
 <LI><a href="#[3]">ai_mul_buffer_INT8</a> from ai_math_helpers.o(i.ai_mul_buffer_INT8) referenced 2 times from network.o(.data.node_137_layer)
 <LI><a href="#[3]">ai_mul_buffer_INT8</a> from ai_math_helpers.o(i.ai_mul_buffer_INT8) referenced 2 times from network.o(.data.node_142_layer)
 <LI><a href="#[3]">ai_mul_buffer_INT8</a> from ai_math_helpers.o(i.ai_mul_buffer_INT8) referenced 2 times from network.o(.data.node_145_layer)
 <LI><a href="#[3]">ai_mul_buffer_INT8</a> from ai_math_helpers.o(i.ai_mul_buffer_INT8) referenced 2 times from network.o(.data.node_152_layer)
 <LI><a href="#[3]">ai_mul_buffer_INT8</a> from ai_math_helpers.o(i.ai_mul_buffer_INT8) referenced 2 times from network.o(.data.node_161_layer)
 <LI><a href="#[3]">ai_mul_buffer_INT8</a> from ai_math_helpers.o(i.ai_mul_buffer_INT8) referenced 2 times from network.o(.data.node_167_layer)
 <LI><a href="#[3]">ai_mul_buffer_INT8</a> from ai_math_helpers.o(i.ai_mul_buffer_INT8) referenced 2 times from network.o(.data.node_170_layer)
 <LI><a href="#[3]">ai_mul_buffer_INT8</a> from ai_math_helpers.o(i.ai_mul_buffer_INT8) referenced 2 times from network.o(.data.node_174_layer)
 <LI><a href="#[3]">ai_mul_buffer_INT8</a> from ai_math_helpers.o(i.ai_mul_buffer_INT8) referenced 2 times from network.o(.data.node_177_layer)
 <LI><a href="#[3]">ai_mul_buffer_INT8</a> from ai_math_helpers.o(i.ai_mul_buffer_INT8) referenced 2 times from network.o(.data.node_181_layer)
 <LI><a href="#[3]">ai_mul_buffer_INT8</a> from ai_math_helpers.o(i.ai_mul_buffer_INT8) referenced 2 times from network.o(.data.node_187_layer)
 <LI><a href="#[3]">ai_mul_buffer_INT8</a> from ai_math_helpers.o(i.ai_mul_buffer_INT8) referenced 2 times from network.o(.data.node_190_layer)
 <LI><a href="#[3]">ai_mul_buffer_INT8</a> from ai_math_helpers.o(i.ai_mul_buffer_INT8) referenced 2 times from network.o(.data.node_194_layer)
 <LI><a href="#[3]">ai_mul_buffer_INT8</a> from ai_math_helpers.o(i.ai_mul_buffer_INT8) referenced 2 times from network.o(.data.node_200_layer)
 <LI><a href="#[3]">ai_mul_buffer_INT8</a> from ai_math_helpers.o(i.ai_mul_buffer_INT8) referenced 2 times from network.o(.data.node_203_layer)
 <LI><a href="#[3]">ai_mul_buffer_INT8</a> from ai_math_helpers.o(i.ai_mul_buffer_INT8) referenced 2 times from network.o(.data.node_207_layer)
 <LI><a href="#[3]">ai_mul_buffer_INT8</a> from ai_math_helpers.o(i.ai_mul_buffer_INT8) referenced 2 times from network.o(.data.node_210_layer)
 <LI><a href="#[3]">ai_mul_buffer_INT8</a> from ai_math_helpers.o(i.ai_mul_buffer_INT8) referenced 2 times from network.o(.data.node_215_layer)
 <LI><a href="#[3]">ai_mul_buffer_INT8</a> from ai_math_helpers.o(i.ai_mul_buffer_INT8) referenced 2 times from network.o(.data.node_218_layer)
 <LI><a href="#[3]">ai_mul_buffer_INT8</a> from ai_math_helpers.o(i.ai_mul_buffer_INT8) referenced 2 times from network.o(.data.node_222_layer)
 <LI><a href="#[3]">ai_mul_buffer_INT8</a> from ai_math_helpers.o(i.ai_mul_buffer_INT8) referenced 2 times from network.o(.data.node_225_layer)
 <LI><a href="#[3]">ai_mul_buffer_INT8</a> from ai_math_helpers.o(i.ai_mul_buffer_INT8) referenced 2 times from network.o(.data.node_82_layer)
 <LI><a href="#[3]">ai_mul_buffer_INT8</a> from ai_math_helpers.o(i.ai_mul_buffer_INT8) referenced 2 times from network.o(.data.node_85_layer)
 <LI><a href="#[3]">ai_mul_buffer_INT8</a> from ai_math_helpers.o(i.ai_mul_buffer_INT8) referenced 2 times from network.o(.data.node_88_layer)
 <LI><a href="#[3]">ai_mul_buffer_INT8</a> from ai_math_helpers.o(i.ai_mul_buffer_INT8) referenced 2 times from network.o(.data.node_94_layer)
 <LI><a href="#[3]">ai_mul_buffer_INT8</a> from ai_math_helpers.o(i.ai_mul_buffer_INT8) referenced 2 times from network.o(.data.node_97_layer)
 <LI><a href="#[12]">ai_mul_buffer_f32</a> from ai_math_helpers.o(i.ai_mul_buffer_f32) referenced 2 times from network.o(.data.node_307_layer)
 <LI><a href="#[2]">ai_mul_f32</a> from ai_math_helpers.o(i.ai_mul_f32) referenced 2 times from network.o(.data.node_102_layer)
 <LI><a href="#[2]">ai_mul_f32</a> from ai_math_helpers.o(i.ai_mul_f32) referenced 2 times from network.o(.data.node_105_layer)
 <LI><a href="#[2]">ai_mul_f32</a> from ai_math_helpers.o(i.ai_mul_f32) referenced 2 times from network.o(.data.node_108_layer)
 <LI><a href="#[2]">ai_mul_f32</a> from ai_math_helpers.o(i.ai_mul_f32) referenced 2 times from network.o(.data.node_114_layer)
 <LI><a href="#[2]">ai_mul_f32</a> from ai_math_helpers.o(i.ai_mul_f32) referenced 2 times from network.o(.data.node_117_layer)
 <LI><a href="#[2]">ai_mul_f32</a> from ai_math_helpers.o(i.ai_mul_f32) referenced 2 times from network.o(.data.node_122_layer)
 <LI><a href="#[2]">ai_mul_f32</a> from ai_math_helpers.o(i.ai_mul_f32) referenced 2 times from network.o(.data.node_125_layer)
 <LI><a href="#[2]">ai_mul_f32</a> from ai_math_helpers.o(i.ai_mul_f32) referenced 2 times from network.o(.data.node_128_layer)
 <LI><a href="#[2]">ai_mul_f32</a> from ai_math_helpers.o(i.ai_mul_f32) referenced 2 times from network.o(.data.node_134_layer)
 <LI><a href="#[2]">ai_mul_f32</a> from ai_math_helpers.o(i.ai_mul_f32) referenced 2 times from network.o(.data.node_137_layer)
 <LI><a href="#[2]">ai_mul_f32</a> from ai_math_helpers.o(i.ai_mul_f32) referenced 2 times from network.o(.data.node_142_layer)
 <LI><a href="#[2]">ai_mul_f32</a> from ai_math_helpers.o(i.ai_mul_f32) referenced 2 times from network.o(.data.node_145_layer)
 <LI><a href="#[2]">ai_mul_f32</a> from ai_math_helpers.o(i.ai_mul_f32) referenced 2 times from network.o(.data.node_152_layer)
 <LI><a href="#[2]">ai_mul_f32</a> from ai_math_helpers.o(i.ai_mul_f32) referenced 2 times from network.o(.data.node_161_layer)
 <LI><a href="#[2]">ai_mul_f32</a> from ai_math_helpers.o(i.ai_mul_f32) referenced 2 times from network.o(.data.node_167_layer)
 <LI><a href="#[2]">ai_mul_f32</a> from ai_math_helpers.o(i.ai_mul_f32) referenced 2 times from network.o(.data.node_170_layer)
 <LI><a href="#[2]">ai_mul_f32</a> from ai_math_helpers.o(i.ai_mul_f32) referenced 2 times from network.o(.data.node_174_layer)
 <LI><a href="#[2]">ai_mul_f32</a> from ai_math_helpers.o(i.ai_mul_f32) referenced 2 times from network.o(.data.node_177_layer)
 <LI><a href="#[2]">ai_mul_f32</a> from ai_math_helpers.o(i.ai_mul_f32) referenced 2 times from network.o(.data.node_181_layer)
 <LI><a href="#[2]">ai_mul_f32</a> from ai_math_helpers.o(i.ai_mul_f32) referenced 2 times from network.o(.data.node_187_layer)
 <LI><a href="#[2]">ai_mul_f32</a> from ai_math_helpers.o(i.ai_mul_f32) referenced 2 times from network.o(.data.node_190_layer)
 <LI><a href="#[2]">ai_mul_f32</a> from ai_math_helpers.o(i.ai_mul_f32) referenced 2 times from network.o(.data.node_194_layer)
 <LI><a href="#[2]">ai_mul_f32</a> from ai_math_helpers.o(i.ai_mul_f32) referenced 2 times from network.o(.data.node_200_layer)
 <LI><a href="#[2]">ai_mul_f32</a> from ai_math_helpers.o(i.ai_mul_f32) referenced 2 times from network.o(.data.node_203_layer)
 <LI><a href="#[2]">ai_mul_f32</a> from ai_math_helpers.o(i.ai_mul_f32) referenced 2 times from network.o(.data.node_207_layer)
 <LI><a href="#[2]">ai_mul_f32</a> from ai_math_helpers.o(i.ai_mul_f32) referenced 2 times from network.o(.data.node_210_layer)
 <LI><a href="#[2]">ai_mul_f32</a> from ai_math_helpers.o(i.ai_mul_f32) referenced 2 times from network.o(.data.node_215_layer)
 <LI><a href="#[2]">ai_mul_f32</a> from ai_math_helpers.o(i.ai_mul_f32) referenced 2 times from network.o(.data.node_218_layer)
 <LI><a href="#[2]">ai_mul_f32</a> from ai_math_helpers.o(i.ai_mul_f32) referenced 2 times from network.o(.data.node_222_layer)
 <LI><a href="#[2]">ai_mul_f32</a> from ai_math_helpers.o(i.ai_mul_f32) referenced 2 times from network.o(.data.node_225_layer)
 <LI><a href="#[2]">ai_mul_f32</a> from ai_math_helpers.o(i.ai_mul_f32) referenced 2 times from network.o(.data.node_307_layer)
 <LI><a href="#[2]">ai_mul_f32</a> from ai_math_helpers.o(i.ai_mul_f32) referenced 2 times from network.o(.data.node_82_layer)
 <LI><a href="#[2]">ai_mul_f32</a> from ai_math_helpers.o(i.ai_mul_f32) referenced 2 times from network.o(.data.node_85_layer)
 <LI><a href="#[2]">ai_mul_f32</a> from ai_math_helpers.o(i.ai_mul_f32) referenced 2 times from network.o(.data.node_88_layer)
 <LI><a href="#[2]">ai_mul_f32</a> from ai_math_helpers.o(i.ai_mul_f32) referenced 2 times from network.o(.data.node_94_layer)
 <LI><a href="#[2]">ai_mul_f32</a> from ai_math_helpers.o(i.ai_mul_f32) referenced 2 times from network.o(.data.node_97_layer)
 <LI><a href="#[10]">ai_sub_buffer_f32</a> from ai_math_helpers.o(i.ai_sub_buffer_f32) referenced 2 times from network.o(.data.node_297_layer)
 <LI><a href="#[10]">ai_sub_buffer_f32</a> from ai_math_helpers.o(i.ai_sub_buffer_f32) referenced 2 times from network.o(.data.node_304_layer)
 <LI><a href="#[f]">ai_sub_f32</a> from ai_math_helpers.o(i.ai_sub_f32) referenced 2 times from network.o(.data.node_297_layer)
 <LI><a href="#[f]">ai_sub_f32</a> from ai_math_helpers.o(i.ai_sub_f32) referenced 2 times from network.o(.data.node_304_layer)
 <LI><a href="#[7]">ai_sum_buffer_INT8</a> from ai_math_helpers.o(i.ai_sum_buffer_INT8) referenced 2 times from network.o(.data.node_118_layer)
 <LI><a href="#[7]">ai_sum_buffer_INT8</a> from ai_math_helpers.o(i.ai_sum_buffer_INT8) referenced 2 times from network.o(.data.node_138_layer)
 <LI><a href="#[7]">ai_sum_buffer_INT8</a> from ai_math_helpers.o(i.ai_sum_buffer_INT8) referenced 2 times from network.o(.data.node_98_layer)
 <LI><a href="#[11]">ai_sum_buffer_f32</a> from ai_math_helpers.o(i.ai_sum_buffer_f32) referenced 2 times from network.o(.data.node_299_layer)
 <LI><a href="#[11]">ai_sum_buffer_f32</a> from ai_math_helpers.o(i.ai_sum_buffer_f32) referenced 2 times from network.o(.data.node_300_layer)
 <LI><a href="#[6]">ai_sum_f32</a> from ai_math_helpers.o(i.ai_sum_f32) referenced 2 times from network.o(.data.node_118_layer)
 <LI><a href="#[6]">ai_sum_f32</a> from ai_math_helpers.o(i.ai_sum_f32) referenced 2 times from network.o(.data.node_138_layer)
 <LI><a href="#[6]">ai_sum_f32</a> from ai_math_helpers.o(i.ai_sum_f32) referenced 2 times from network.o(.data.node_299_layer)
 <LI><a href="#[6]">ai_sum_f32</a> from ai_math_helpers.o(i.ai_sum_f32) referenced 2 times from network.o(.data.node_300_layer)
 <LI><a href="#[6]">ai_sum_f32</a> from ai_math_helpers.o(i.ai_sum_f32) referenced 2 times from network.o(.data.node_98_layer)
 <LI><a href="#[8]">forward_concat</a> from layers_generic_float.o(i.forward_concat) referenced 2 times from network.o(.data.node_119_layer)
 <LI><a href="#[8]">forward_concat</a> from layers_generic_float.o(i.forward_concat) referenced 2 times from network.o(.data.node_139_layer)
 <LI><a href="#[8]">forward_concat</a> from layers_generic_float.o(i.forward_concat) referenced 2 times from network.o(.data.node_149_layer)
 <LI><a href="#[8]">forward_concat</a> from layers_generic_float.o(i.forward_concat) referenced 2 times from network.o(.data.node_158_layer)
 <LI><a href="#[8]">forward_concat</a> from layers_generic_float.o(i.forward_concat) referenced 2 times from network.o(.data.node_171_layer)
 <LI><a href="#[8]">forward_concat</a> from layers_generic_float.o(i.forward_concat) referenced 2 times from network.o(.data.node_178_layer)
 <LI><a href="#[8]">forward_concat</a> from layers_generic_float.o(i.forward_concat) referenced 2 times from network.o(.data.node_191_layer)
 <LI><a href="#[8]">forward_concat</a> from layers_generic_float.o(i.forward_concat) referenced 2 times from network.o(.data.node_212_layer)
 <LI><a href="#[8]">forward_concat</a> from layers_generic_float.o(i.forward_concat) referenced 2 times from network.o(.data.node_227_layer)
 <LI><a href="#[8]">forward_concat</a> from layers_generic_float.o(i.forward_concat) referenced 2 times from network.o(.data.node_248_layer)
 <LI><a href="#[8]">forward_concat</a> from layers_generic_float.o(i.forward_concat) referenced 2 times from network.o(.data.node_305_layer)
 <LI><a href="#[8]">forward_concat</a> from layers_generic_float.o(i.forward_concat) referenced 2 times from network.o(.data.node_99_layer)
 <LI><a href="#[8]">forward_concat</a> from layers_generic_float.o(i.forward_concat) referenced 2 times from network.o(.data.output0_layer)
 <LI><a href="#[15]">forward_conv2d_if32of32wf32</a> from layers_conv2d_generic_float.o(i.forward_conv2d_if32of32wf32) referenced 2 times from network.o(.data.node_272_layer)
 <LI><a href="#[13]">forward_conv2d_integer_SSSA</a> from layers_conv2d_stm32_integer.o(i.forward_conv2d_integer_SSSA) referenced 2 times from network.o(.data.node_100_layer)
 <LI><a href="#[13]">forward_conv2d_integer_SSSA</a> from layers_conv2d_stm32_integer.o(i.forward_conv2d_integer_SSSA) referenced 2 times from network.o(.data.node_103_layer)
 <LI><a href="#[13]">forward_conv2d_integer_SSSA</a> from layers_conv2d_stm32_integer.o(i.forward_conv2d_integer_SSSA) referenced 2 times from network.o(.data.node_106_layer)
 <LI><a href="#[13]">forward_conv2d_integer_SSSA</a> from layers_conv2d_stm32_integer.o(i.forward_conv2d_integer_SSSA) referenced 2 times from network.o(.data.node_112_layer)
 <LI><a href="#[13]">forward_conv2d_integer_SSSA</a> from layers_conv2d_stm32_integer.o(i.forward_conv2d_integer_SSSA) referenced 2 times from network.o(.data.node_115_layer)
 <LI><a href="#[13]">forward_conv2d_integer_SSSA</a> from layers_conv2d_stm32_integer.o(i.forward_conv2d_integer_SSSA) referenced 2 times from network.o(.data.node_120_layer)
 <LI><a href="#[13]">forward_conv2d_integer_SSSA</a> from layers_conv2d_stm32_integer.o(i.forward_conv2d_integer_SSSA) referenced 2 times from network.o(.data.node_123_layer)
 <LI><a href="#[13]">forward_conv2d_integer_SSSA</a> from layers_conv2d_stm32_integer.o(i.forward_conv2d_integer_SSSA) referenced 2 times from network.o(.data.node_126_layer)
 <LI><a href="#[13]">forward_conv2d_integer_SSSA</a> from layers_conv2d_stm32_integer.o(i.forward_conv2d_integer_SSSA) referenced 2 times from network.o(.data.node_132_layer)
 <LI><a href="#[13]">forward_conv2d_integer_SSSA</a> from layers_conv2d_stm32_integer.o(i.forward_conv2d_integer_SSSA) referenced 2 times from network.o(.data.node_135_layer)
 <LI><a href="#[13]">forward_conv2d_integer_SSSA</a> from layers_conv2d_stm32_integer.o(i.forward_conv2d_integer_SSSA) referenced 2 times from network.o(.data.node_140_layer)
 <LI><a href="#[13]">forward_conv2d_integer_SSSA</a> from layers_conv2d_stm32_integer.o(i.forward_conv2d_integer_SSSA) referenced 2 times from network.o(.data.node_143_layer)
 <LI><a href="#[13]">forward_conv2d_integer_SSSA</a> from layers_conv2d_stm32_integer.o(i.forward_conv2d_integer_SSSA) referenced 2 times from network.o(.data.node_150_layer)
 <LI><a href="#[13]">forward_conv2d_integer_SSSA</a> from layers_conv2d_stm32_integer.o(i.forward_conv2d_integer_SSSA) referenced 2 times from network.o(.data.node_159_layer)
 <LI><a href="#[13]">forward_conv2d_integer_SSSA</a> from layers_conv2d_stm32_integer.o(i.forward_conv2d_integer_SSSA) referenced 2 times from network.o(.data.node_165_layer)
 <LI><a href="#[13]">forward_conv2d_integer_SSSA</a> from layers_conv2d_stm32_integer.o(i.forward_conv2d_integer_SSSA) referenced 2 times from network.o(.data.node_168_layer)
 <LI><a href="#[13]">forward_conv2d_integer_SSSA</a> from layers_conv2d_stm32_integer.o(i.forward_conv2d_integer_SSSA) referenced 2 times from network.o(.data.node_172_layer)
 <LI><a href="#[13]">forward_conv2d_integer_SSSA</a> from layers_conv2d_stm32_integer.o(i.forward_conv2d_integer_SSSA) referenced 2 times from network.o(.data.node_175_layer)
 <LI><a href="#[13]">forward_conv2d_integer_SSSA</a> from layers_conv2d_stm32_integer.o(i.forward_conv2d_integer_SSSA) referenced 2 times from network.o(.data.node_179_layer)
 <LI><a href="#[13]">forward_conv2d_integer_SSSA</a> from layers_conv2d_stm32_integer.o(i.forward_conv2d_integer_SSSA) referenced 2 times from network.o(.data.node_185_layer)
 <LI><a href="#[13]">forward_conv2d_integer_SSSA</a> from layers_conv2d_stm32_integer.o(i.forward_conv2d_integer_SSSA) referenced 2 times from network.o(.data.node_188_layer)
 <LI><a href="#[13]">forward_conv2d_integer_SSSA</a> from layers_conv2d_stm32_integer.o(i.forward_conv2d_integer_SSSA) referenced 2 times from network.o(.data.node_192_layer)
 <LI><a href="#[13]">forward_conv2d_integer_SSSA</a> from layers_conv2d_stm32_integer.o(i.forward_conv2d_integer_SSSA) referenced 2 times from network.o(.data.node_198_layer)
 <LI><a href="#[13]">forward_conv2d_integer_SSSA</a> from layers_conv2d_stm32_integer.o(i.forward_conv2d_integer_SSSA) referenced 2 times from network.o(.data.node_201_layer)
 <LI><a href="#[13]">forward_conv2d_integer_SSSA</a> from layers_conv2d_stm32_integer.o(i.forward_conv2d_integer_SSSA) referenced 2 times from network.o(.data.node_204_layer)
 <LI><a href="#[13]">forward_conv2d_integer_SSSA</a> from layers_conv2d_stm32_integer.o(i.forward_conv2d_integer_SSSA) referenced 2 times from network.o(.data.node_205_layer)
 <LI><a href="#[13]">forward_conv2d_integer_SSSA</a> from layers_conv2d_stm32_integer.o(i.forward_conv2d_integer_SSSA) referenced 2 times from network.o(.data.node_208_layer)
 <LI><a href="#[13]">forward_conv2d_integer_SSSA</a> from layers_conv2d_stm32_integer.o(i.forward_conv2d_integer_SSSA) referenced 2 times from network.o(.data.node_211_layer)
 <LI><a href="#[13]">forward_conv2d_integer_SSSA</a> from layers_conv2d_stm32_integer.o(i.forward_conv2d_integer_SSSA) referenced 2 times from network.o(.data.node_213_layer)
 <LI><a href="#[13]">forward_conv2d_integer_SSSA</a> from layers_conv2d_stm32_integer.o(i.forward_conv2d_integer_SSSA) referenced 2 times from network.o(.data.node_216_layer)
 <LI><a href="#[13]">forward_conv2d_integer_SSSA</a> from layers_conv2d_stm32_integer.o(i.forward_conv2d_integer_SSSA) referenced 2 times from network.o(.data.node_219_layer)
 <LI><a href="#[13]">forward_conv2d_integer_SSSA</a> from layers_conv2d_stm32_integer.o(i.forward_conv2d_integer_SSSA) referenced 2 times from network.o(.data.node_220_layer)
 <LI><a href="#[13]">forward_conv2d_integer_SSSA</a> from layers_conv2d_stm32_integer.o(i.forward_conv2d_integer_SSSA) referenced 2 times from network.o(.data.node_223_layer)
 <LI><a href="#[13]">forward_conv2d_integer_SSSA</a> from layers_conv2d_stm32_integer.o(i.forward_conv2d_integer_SSSA) referenced 2 times from network.o(.data.node_226_layer)
 <LI><a href="#[13]">forward_conv2d_integer_SSSA</a> from layers_conv2d_stm32_integer.o(i.forward_conv2d_integer_SSSA) referenced 2 times from network.o(.data.node_80_layer)
 <LI><a href="#[13]">forward_conv2d_integer_SSSA</a> from layers_conv2d_stm32_integer.o(i.forward_conv2d_integer_SSSA) referenced 2 times from network.o(.data.node_83_layer)
 <LI><a href="#[13]">forward_conv2d_integer_SSSA</a> from layers_conv2d_stm32_integer.o(i.forward_conv2d_integer_SSSA) referenced 2 times from network.o(.data.node_86_layer)
 <LI><a href="#[13]">forward_conv2d_integer_SSSA</a> from layers_conv2d_stm32_integer.o(i.forward_conv2d_integer_SSSA) referenced 2 times from network.o(.data.node_92_layer)
 <LI><a href="#[13]">forward_conv2d_integer_SSSA</a> from layers_conv2d_stm32_integer.o(i.forward_conv2d_integer_SSSA) referenced 2 times from network.o(.data.node_95_layer)
 <LI><a href="#[e]">forward_eltwise</a> from layers_generic_float.o(i.forward_eltwise) referenced 2 times from network.o(.data.node_297_layer)
 <LI><a href="#[e]">forward_eltwise</a> from layers_generic_float.o(i.forward_eltwise) referenced 2 times from network.o(.data.node_299_layer)
 <LI><a href="#[e]">forward_eltwise</a> from layers_generic_float.o(i.forward_eltwise) referenced 2 times from network.o(.data.node_300_layer)
 <LI><a href="#[e]">forward_eltwise</a> from layers_generic_float.o(i.forward_eltwise) referenced 2 times from network.o(.data.node_303_layer)
 <LI><a href="#[e]">forward_eltwise</a> from layers_generic_float.o(i.forward_eltwise) referenced 2 times from network.o(.data.node_304_layer)
 <LI><a href="#[e]">forward_eltwise</a> from layers_generic_float.o(i.forward_eltwise) referenced 2 times from network.o(.data.node_307_layer)
 <LI><a href="#[1]">forward_eltwise_integer_INT8</a> from layers_stm32_integer.o(i.forward_eltwise_integer_INT8) referenced 2 times from network.o(.data.node_102_layer)
 <LI><a href="#[1]">forward_eltwise_integer_INT8</a> from layers_stm32_integer.o(i.forward_eltwise_integer_INT8) referenced 2 times from network.o(.data.node_105_layer)
 <LI><a href="#[1]">forward_eltwise_integer_INT8</a> from layers_stm32_integer.o(i.forward_eltwise_integer_INT8) referenced 2 times from network.o(.data.node_108_layer)
 <LI><a href="#[1]">forward_eltwise_integer_INT8</a> from layers_stm32_integer.o(i.forward_eltwise_integer_INT8) referenced 2 times from network.o(.data.node_114_layer)
 <LI><a href="#[1]">forward_eltwise_integer_INT8</a> from layers_stm32_integer.o(i.forward_eltwise_integer_INT8) referenced 2 times from network.o(.data.node_117_layer)
 <LI><a href="#[1]">forward_eltwise_integer_INT8</a> from layers_stm32_integer.o(i.forward_eltwise_integer_INT8) referenced 2 times from network.o(.data.node_118_layer)
 <LI><a href="#[1]">forward_eltwise_integer_INT8</a> from layers_stm32_integer.o(i.forward_eltwise_integer_INT8) referenced 2 times from network.o(.data.node_122_layer)
 <LI><a href="#[1]">forward_eltwise_integer_INT8</a> from layers_stm32_integer.o(i.forward_eltwise_integer_INT8) referenced 2 times from network.o(.data.node_125_layer)
 <LI><a href="#[1]">forward_eltwise_integer_INT8</a> from layers_stm32_integer.o(i.forward_eltwise_integer_INT8) referenced 2 times from network.o(.data.node_128_layer)
 <LI><a href="#[1]">forward_eltwise_integer_INT8</a> from layers_stm32_integer.o(i.forward_eltwise_integer_INT8) referenced 2 times from network.o(.data.node_134_layer)
 <LI><a href="#[1]">forward_eltwise_integer_INT8</a> from layers_stm32_integer.o(i.forward_eltwise_integer_INT8) referenced 2 times from network.o(.data.node_137_layer)
 <LI><a href="#[1]">forward_eltwise_integer_INT8</a> from layers_stm32_integer.o(i.forward_eltwise_integer_INT8) referenced 2 times from network.o(.data.node_138_layer)
 <LI><a href="#[1]">forward_eltwise_integer_INT8</a> from layers_stm32_integer.o(i.forward_eltwise_integer_INT8) referenced 2 times from network.o(.data.node_142_layer)
 <LI><a href="#[1]">forward_eltwise_integer_INT8</a> from layers_stm32_integer.o(i.forward_eltwise_integer_INT8) referenced 2 times from network.o(.data.node_145_layer)
 <LI><a href="#[1]">forward_eltwise_integer_INT8</a> from layers_stm32_integer.o(i.forward_eltwise_integer_INT8) referenced 2 times from network.o(.data.node_152_layer)
 <LI><a href="#[1]">forward_eltwise_integer_INT8</a> from layers_stm32_integer.o(i.forward_eltwise_integer_INT8) referenced 2 times from network.o(.data.node_161_layer)
 <LI><a href="#[1]">forward_eltwise_integer_INT8</a> from layers_stm32_integer.o(i.forward_eltwise_integer_INT8) referenced 2 times from network.o(.data.node_167_layer)
 <LI><a href="#[1]">forward_eltwise_integer_INT8</a> from layers_stm32_integer.o(i.forward_eltwise_integer_INT8) referenced 2 times from network.o(.data.node_170_layer)
 <LI><a href="#[1]">forward_eltwise_integer_INT8</a> from layers_stm32_integer.o(i.forward_eltwise_integer_INT8) referenced 2 times from network.o(.data.node_174_layer)
 <LI><a href="#[1]">forward_eltwise_integer_INT8</a> from layers_stm32_integer.o(i.forward_eltwise_integer_INT8) referenced 2 times from network.o(.data.node_177_layer)
 <LI><a href="#[1]">forward_eltwise_integer_INT8</a> from layers_stm32_integer.o(i.forward_eltwise_integer_INT8) referenced 2 times from network.o(.data.node_181_layer)
 <LI><a href="#[1]">forward_eltwise_integer_INT8</a> from layers_stm32_integer.o(i.forward_eltwise_integer_INT8) referenced 2 times from network.o(.data.node_187_layer)
 <LI><a href="#[1]">forward_eltwise_integer_INT8</a> from layers_stm32_integer.o(i.forward_eltwise_integer_INT8) referenced 2 times from network.o(.data.node_190_layer)
 <LI><a href="#[1]">forward_eltwise_integer_INT8</a> from layers_stm32_integer.o(i.forward_eltwise_integer_INT8) referenced 2 times from network.o(.data.node_194_layer)
 <LI><a href="#[1]">forward_eltwise_integer_INT8</a> from layers_stm32_integer.o(i.forward_eltwise_integer_INT8) referenced 2 times from network.o(.data.node_200_layer)
 <LI><a href="#[1]">forward_eltwise_integer_INT8</a> from layers_stm32_integer.o(i.forward_eltwise_integer_INT8) referenced 2 times from network.o(.data.node_203_layer)
 <LI><a href="#[1]">forward_eltwise_integer_INT8</a> from layers_stm32_integer.o(i.forward_eltwise_integer_INT8) referenced 2 times from network.o(.data.node_207_layer)
 <LI><a href="#[1]">forward_eltwise_integer_INT8</a> from layers_stm32_integer.o(i.forward_eltwise_integer_INT8) referenced 2 times from network.o(.data.node_210_layer)
 <LI><a href="#[1]">forward_eltwise_integer_INT8</a> from layers_stm32_integer.o(i.forward_eltwise_integer_INT8) referenced 2 times from network.o(.data.node_215_layer)
 <LI><a href="#[1]">forward_eltwise_integer_INT8</a> from layers_stm32_integer.o(i.forward_eltwise_integer_INT8) referenced 2 times from network.o(.data.node_218_layer)
 <LI><a href="#[1]">forward_eltwise_integer_INT8</a> from layers_stm32_integer.o(i.forward_eltwise_integer_INT8) referenced 2 times from network.o(.data.node_222_layer)
 <LI><a href="#[1]">forward_eltwise_integer_INT8</a> from layers_stm32_integer.o(i.forward_eltwise_integer_INT8) referenced 2 times from network.o(.data.node_225_layer)
 <LI><a href="#[1]">forward_eltwise_integer_INT8</a> from layers_stm32_integer.o(i.forward_eltwise_integer_INT8) referenced 2 times from network.o(.data.node_82_layer)
 <LI><a href="#[1]">forward_eltwise_integer_INT8</a> from layers_stm32_integer.o(i.forward_eltwise_integer_INT8) referenced 2 times from network.o(.data.node_85_layer)
 <LI><a href="#[1]">forward_eltwise_integer_INT8</a> from layers_stm32_integer.o(i.forward_eltwise_integer_INT8) referenced 2 times from network.o(.data.node_88_layer)
 <LI><a href="#[1]">forward_eltwise_integer_INT8</a> from layers_stm32_integer.o(i.forward_eltwise_integer_INT8) referenced 2 times from network.o(.data.node_94_layer)
 <LI><a href="#[1]">forward_eltwise_integer_INT8</a> from layers_stm32_integer.o(i.forward_eltwise_integer_INT8) referenced 2 times from network.o(.data.node_97_layer)
 <LI><a href="#[1]">forward_eltwise_integer_INT8</a> from layers_stm32_integer.o(i.forward_eltwise_integer_INT8) referenced 2 times from network.o(.data.node_98_layer)
 <LI><a href="#[14]">forward_mp_integer_INT8</a> from layers_pool_stm32_integer.o(i.forward_mp_integer_INT8) referenced 2 times from network.o(.data.node_146_layer)
 <LI><a href="#[14]">forward_mp_integer_INT8</a> from layers_pool_stm32_integer.o(i.forward_mp_integer_INT8) referenced 2 times from network.o(.data.node_147_layer)
 <LI><a href="#[14]">forward_mp_integer_INT8</a> from layers_pool_stm32_integer.o(i.forward_mp_integer_INT8) referenced 2 times from network.o(.data.node_148_layer)
 <LI><a href="#[0]">forward_nl_integer</a> from layers_nl_stm32_integer.o(i.forward_nl_integer) referenced 2 times from network.o(.data.node_101_layer)
 <LI><a href="#[0]">forward_nl_integer</a> from layers_nl_stm32_integer.o(i.forward_nl_integer) referenced 2 times from network.o(.data.node_104_layer)
 <LI><a href="#[0]">forward_nl_integer</a> from layers_nl_stm32_integer.o(i.forward_nl_integer) referenced 2 times from network.o(.data.node_107_layer)
 <LI><a href="#[0]">forward_nl_integer</a> from layers_nl_stm32_integer.o(i.forward_nl_integer) referenced 2 times from network.o(.data.node_113_layer)
 <LI><a href="#[0]">forward_nl_integer</a> from layers_nl_stm32_integer.o(i.forward_nl_integer) referenced 2 times from network.o(.data.node_116_layer)
 <LI><a href="#[0]">forward_nl_integer</a> from layers_nl_stm32_integer.o(i.forward_nl_integer) referenced 2 times from network.o(.data.node_121_layer)
 <LI><a href="#[0]">forward_nl_integer</a> from layers_nl_stm32_integer.o(i.forward_nl_integer) referenced 2 times from network.o(.data.node_124_layer)
 <LI><a href="#[0]">forward_nl_integer</a> from layers_nl_stm32_integer.o(i.forward_nl_integer) referenced 2 times from network.o(.data.node_127_layer)
 <LI><a href="#[0]">forward_nl_integer</a> from layers_nl_stm32_integer.o(i.forward_nl_integer) referenced 2 times from network.o(.data.node_133_layer)
 <LI><a href="#[0]">forward_nl_integer</a> from layers_nl_stm32_integer.o(i.forward_nl_integer) referenced 2 times from network.o(.data.node_136_layer)
 <LI><a href="#[0]">forward_nl_integer</a> from layers_nl_stm32_integer.o(i.forward_nl_integer) referenced 2 times from network.o(.data.node_141_layer)
 <LI><a href="#[0]">forward_nl_integer</a> from layers_nl_stm32_integer.o(i.forward_nl_integer) referenced 2 times from network.o(.data.node_144_layer)
 <LI><a href="#[0]">forward_nl_integer</a> from layers_nl_stm32_integer.o(i.forward_nl_integer) referenced 2 times from network.o(.data.node_151_layer)
 <LI><a href="#[0]">forward_nl_integer</a> from layers_nl_stm32_integer.o(i.forward_nl_integer) referenced 2 times from network.o(.data.node_160_layer)
 <LI><a href="#[0]">forward_nl_integer</a> from layers_nl_stm32_integer.o(i.forward_nl_integer) referenced 2 times from network.o(.data.node_166_layer)
 <LI><a href="#[0]">forward_nl_integer</a> from layers_nl_stm32_integer.o(i.forward_nl_integer) referenced 2 times from network.o(.data.node_169_layer)
 <LI><a href="#[0]">forward_nl_integer</a> from layers_nl_stm32_integer.o(i.forward_nl_integer) referenced 2 times from network.o(.data.node_173_layer)
 <LI><a href="#[0]">forward_nl_integer</a> from layers_nl_stm32_integer.o(i.forward_nl_integer) referenced 2 times from network.o(.data.node_176_layer)
 <LI><a href="#[0]">forward_nl_integer</a> from layers_nl_stm32_integer.o(i.forward_nl_integer) referenced 2 times from network.o(.data.node_180_layer)
 <LI><a href="#[0]">forward_nl_integer</a> from layers_nl_stm32_integer.o(i.forward_nl_integer) referenced 2 times from network.o(.data.node_186_layer)
 <LI><a href="#[0]">forward_nl_integer</a> from layers_nl_stm32_integer.o(i.forward_nl_integer) referenced 2 times from network.o(.data.node_189_layer)
 <LI><a href="#[0]">forward_nl_integer</a> from layers_nl_stm32_integer.o(i.forward_nl_integer) referenced 2 times from network.o(.data.node_193_layer)
 <LI><a href="#[0]">forward_nl_integer</a> from layers_nl_stm32_integer.o(i.forward_nl_integer) referenced 2 times from network.o(.data.node_199_layer)
 <LI><a href="#[0]">forward_nl_integer</a> from layers_nl_stm32_integer.o(i.forward_nl_integer) referenced 2 times from network.o(.data.node_202_layer)
 <LI><a href="#[0]">forward_nl_integer</a> from layers_nl_stm32_integer.o(i.forward_nl_integer) referenced 2 times from network.o(.data.node_206_layer)
 <LI><a href="#[0]">forward_nl_integer</a> from layers_nl_stm32_integer.o(i.forward_nl_integer) referenced 2 times from network.o(.data.node_209_layer)
 <LI><a href="#[0]">forward_nl_integer</a> from layers_nl_stm32_integer.o(i.forward_nl_integer) referenced 2 times from network.o(.data.node_214_layer)
 <LI><a href="#[0]">forward_nl_integer</a> from layers_nl_stm32_integer.o(i.forward_nl_integer) referenced 2 times from network.o(.data.node_217_layer)
 <LI><a href="#[0]">forward_nl_integer</a> from layers_nl_stm32_integer.o(i.forward_nl_integer) referenced 2 times from network.o(.data.node_221_layer)
 <LI><a href="#[0]">forward_nl_integer</a> from layers_nl_stm32_integer.o(i.forward_nl_integer) referenced 2 times from network.o(.data.node_224_layer)
 <LI><a href="#[0]">forward_nl_integer</a> from layers_nl_stm32_integer.o(i.forward_nl_integer) referenced 2 times from network.o(.data.node_308_layer)
 <LI><a href="#[0]">forward_nl_integer</a> from layers_nl_stm32_integer.o(i.forward_nl_integer) referenced 2 times from network.o(.data.node_81_layer)
 <LI><a href="#[0]">forward_nl_integer</a> from layers_nl_stm32_integer.o(i.forward_nl_integer) referenced 2 times from network.o(.data.node_84_layer)
 <LI><a href="#[0]">forward_nl_integer</a> from layers_nl_stm32_integer.o(i.forward_nl_integer) referenced 2 times from network.o(.data.node_87_layer)
 <LI><a href="#[0]">forward_nl_integer</a> from layers_nl_stm32_integer.o(i.forward_nl_integer) referenced 2 times from network.o(.data.node_93_layer)
 <LI><a href="#[0]">forward_nl_integer</a> from layers_nl_stm32_integer.o(i.forward_nl_integer) referenced 2 times from network.o(.data.node_96_layer)
 <LI><a href="#[d]">forward_slice</a> from layers_generic_float.o(i.forward_slice) referenced 2 times from network.o(.data.node_292_layer)
 <LI><a href="#[d]">forward_slice</a> from layers_generic_float.o(i.forward_slice) referenced 2 times from network.o(.data.node_295_layer)
 <LI><a href="#[c]">forward_sm</a> from layers_nl_generic_float.o(i.forward_sm) referenced 2 times from network.o(.data.node_271_layer)
 <LI><a href="#[5]">forward_split</a> from layers_generic_float.o(i.forward_split) referenced 2 times from network.o(.data.node_110_layer)
 <LI><a href="#[5]">forward_split</a> from layers_generic_float.o(i.forward_split) referenced 2 times from network.o(.data.node_130_layer)
 <LI><a href="#[5]">forward_split</a> from layers_generic_float.o(i.forward_split) referenced 2 times from network.o(.data.node_163_layer)
 <LI><a href="#[5]">forward_split</a> from layers_generic_float.o(i.forward_split) referenced 2 times from network.o(.data.node_183_layer)
 <LI><a href="#[5]">forward_split</a> from layers_generic_float.o(i.forward_split) referenced 2 times from network.o(.data.node_250_layer)
 <LI><a href="#[5]">forward_split</a> from layers_generic_float.o(i.forward_split) referenced 2 times from network.o(.data.node_90_layer)
 <LI><a href="#[b]">forward_transpose</a> from layers_generic_float.o(i.forward_transpose) referenced 2 times from network.o(.data.images_Transpose_layer)
 <LI><a href="#[b]">forward_transpose</a> from layers_generic_float.o(i.forward_transpose) referenced 2 times from network.o(.data.node_269_to_chlast_layer)
 <LI><a href="#[b]">forward_transpose</a> from layers_generic_float.o(i.forward_transpose) referenced 2 times from network.o(.data.node_270_layer)
 <LI><a href="#[b]">forward_transpose</a> from layers_generic_float.o(i.forward_transpose) referenced 2 times from network.o(.data.node_281_to_chfirst_layer)
 <LI><a href="#[b]">forward_transpose</a> from layers_generic_float.o(i.forward_transpose) referenced 2 times from network.o(.data.node_281_to_chlast_layer)
 <LI><a href="#[b]">forward_transpose</a> from layers_generic_float.o(i.forward_transpose) referenced 2 times from network.o(.data.output0_Transpose_0_layer)
 <LI><a href="#[9]">forward_upsample_nearest</a> from layers_upsample_generic.o(i.forward_upsample_nearest) referenced 2 times from network.o(.data.node_157_layer)
 <LI><a href="#[bc]">fputc</a> from stm32h7xx_hal.o(.text.fputc) referenced from printf8.o(i.__0printf$8)
 <LI><a href="#[bd]">func_dummy</a> from layers_conv2d_stm32_integer.o(i.func_dummy) referenced from layers_conv2d_stm32_integer.o(i.forward_conv2d_integer_SSSA)
 <LI><a href="#[b4]">isspace</a> from isspace_c.o(.text) referenced from scanf_char.o(.text)
 <LI><a href="#[ad]">main</a> from main.o(.text.main) referenced from entry9a.o(.ARM.Collect$$$$0000000B)
 <LI><a href="#[a]">node_convert</a> from core_convert.o(i.node_convert) referenced 2 times from network.o(.data.node_212_0_0_node_248_conversion_layer)
 <LI><a href="#[a]">node_convert</a> from core_convert.o(i.node_convert) referenced 2 times from network.o(.data.node_227_0_1_node_248_conversion_layer)
 <LI><a href="#[a]">node_convert</a> from core_convert.o(i.node_convert) referenced 2 times from network.o(.data.node_250_0_0_node_269_conversion_layer)
 <LI><a href="#[a]">node_convert</a> from core_convert.o(i.node_convert) referenced 2 times from network.o(.data.node_250_1_0_node_308_conversion_layer)
 <LI><a href="#[a]">node_convert</a> from core_convert.o(i.node_convert) referenced 2 times from network.o(.data.node_270_0_0_node_271_conversion_layer)
 <LI><a href="#[a]">node_convert</a> from core_convert.o(i.node_convert) referenced 2 times from network.o(.data.node_308_0_1_output0_conversion_layer)
 <LI><a href="#[4]">node_convert_integer</a> from core_convert.o(i.node_convert_integer) referenced 2 times from network.o(.data.node_110_1_0_node_112_conversion_layer)
 <LI><a href="#[4]">node_convert_integer</a> from core_convert.o(i.node_convert_integer) referenced 2 times from network.o(.data.node_130_1_0_node_132_conversion_layer)
 <LI><a href="#[4]">node_convert_integer</a> from core_convert.o(i.node_convert_integer) referenced 2 times from network.o(.data.node_146_0_0_node_147_conversion_layer)
 <LI><a href="#[4]">node_convert_integer</a> from core_convert.o(i.node_convert_integer) referenced 2 times from network.o(.data.node_147_0_0_node_148_conversion_layer)
 <LI><a href="#[4]">node_convert_integer</a> from core_convert.o(i.node_convert_integer) referenced 2 times from network.o(.data.node_163_1_0_node_165_conversion_layer)
 <LI><a href="#[4]">node_convert_integer</a> from core_convert.o(i.node_convert_integer) referenced 2 times from network.o(.data.node_183_1_0_node_185_conversion_layer)
 <LI><a href="#[4]">node_convert_integer</a> from core_convert.o(i.node_convert_integer) referenced 2 times from network.o(.data.node_90_1_conversion_layer)
</UL>
<P>
<H3>
Global Symbols
</H3>
<P><STRONG><a name="[b0]"></a>__main</STRONG> (Thumb, 0 bytes, Stack size unknown bytes, entry.o(.ARM.Collect$$$$00000000))
<BR>[Address Reference Count : 1]<UL><LI> startup_stm32h743xx.o(.text)
</UL>
<P><STRONG><a name="[1c8]"></a>_main_stk</STRONG> (Thumb, 0 bytes, Stack size unknown bytes, entry2.o(.ARM.Collect$$$$00000001))

<P><STRONG><a name="[be]"></a>_main_scatterload</STRONG> (Thumb, 0 bytes, Stack size unknown bytes, entry5.o(.ARM.Collect$$$$00000004))
<BR><BR>[Calls]<UL><LI><a href="#[bf]">&gt;&gt;</a>&nbsp;&nbsp;&nbsp;__scatterload
</UL>

<P><STRONG><a name="[ce]"></a>__main_after_scatterload</STRONG> (Thumb, 0 bytes, Stack size unknown bytes, entry5.o(.ARM.Collect$$$$00000004))
<BR><BR>[Called By]<UL><LI><a href="#[bf]">&gt;&gt;</a>&nbsp;&nbsp;&nbsp;__scatterload
</UL>

<P><STRONG><a name="[1c9]"></a>_main_clock</STRONG> (Thumb, 0 bytes, Stack size unknown bytes, entry7b.o(.ARM.Collect$$$$00000008))

<P><STRONG><a name="[1ca]"></a>_main_cpp_init</STRONG> (Thumb, 0 bytes, Stack size unknown bytes, entry8b.o(.ARM.Collect$$$$0000000A))

<P><STRONG><a name="[1cb]"></a>_main_init</STRONG> (Thumb, 0 bytes, Stack size unknown bytes, entry9a.o(.ARM.Collect$$$$0000000B))

<P><STRONG><a name="[1cc]"></a>__rt_final_cpp</STRONG> (Thumb, 0 bytes, Stack size unknown bytes, entry10a.o(.ARM.Collect$$$$0000000D))

<P><STRONG><a name="[1cd]"></a>__rt_final_exit</STRONG> (Thumb, 0 bytes, Stack size unknown bytes, entry11a.o(.ARM.Collect$$$$0000000F))

<P><STRONG><a name="[18]"></a>Reset_Handler</STRONG> (Thumb, 12 bytes, Stack size 0 bytes, startup_stm32h743xx.o(.text))
<BR>[Address Reference Count : 1]<UL><LI> startup_stm32h743xx.o(RESET)
</UL>
<P><STRONG><a name="[99]"></a>ADC3_IRQHandler</STRONG> (Thumb, 0 bytes, Stack size 0 bytes, startup_stm32h743xx.o(.text))
<BR><BR>[Calls]<UL><LI><a href="#[99]">&gt;&gt;</a>&nbsp;&nbsp;&nbsp;ADC3_IRQHandler
</UL>
<BR>[Called By]<UL><LI><a href="#[99]">&gt;&gt;</a>&nbsp;&nbsp;&nbsp;ADC3_IRQHandler
</UL>
<BR>[Address Reference Count : 1]<UL><LI> startup_stm32h743xx.o(RESET)
</UL>
<P><STRONG><a name="[34]"></a>ADC_IRQHandler</STRONG> (Thumb, 0 bytes, Stack size 0 bytes, startup_stm32h743xx.o(.text))
<BR>[Address Reference Count : 1]<UL><LI> startup_stm32h743xx.o(RESET)
</UL>
<P><STRONG><a name="[9b]"></a>BDMA_Channel0_IRQHandler</STRONG> (Thumb, 0 bytes, Stack size 0 bytes, startup_stm32h743xx.o(.text))
<BR>[Address Reference Count : 1]<UL><LI> startup_stm32h743xx.o(RESET)
</UL>
<P><STRONG><a name="[9c]"></a>BDMA_Channel1_IRQHandler</STRONG> (Thumb, 0 bytes, Stack size 0 bytes, startup_stm32h743xx.o(.text))
<BR>[Address Reference Count : 1]<UL><LI> startup_stm32h743xx.o(RESET)
</UL>
<P><STRONG><a name="[9d]"></a>BDMA_Channel2_IRQHandler</STRONG> (Thumb, 0 bytes, Stack size 0 bytes, startup_stm32h743xx.o(.text))
<BR>[Address Reference Count : 1]<UL><LI> startup_stm32h743xx.o(RESET)
</UL>
<P><STRONG><a name="[9e]"></a>BDMA_Channel3_IRQHandler</STRONG> (Thumb, 0 bytes, Stack size 0 bytes, startup_stm32h743xx.o(.text))
<BR>[Address Reference Count : 1]<UL><LI> startup_stm32h743xx.o(RESET)
</UL>
<P><STRONG><a name="[9f]"></a>BDMA_Channel4_IRQHandler</STRONG> (Thumb, 0 bytes, Stack size 0 bytes, startup_stm32h743xx.o(.text))
<BR>[Address Reference Count : 1]<UL><LI> startup_stm32h743xx.o(RESET)
</UL>
<P><STRONG><a name="[a0]"></a>BDMA_Channel5_IRQHandler</STRONG> (Thumb, 0 bytes, Stack size 0 bytes, startup_stm32h743xx.o(.text))
<BR>[Address Reference Count : 1]<UL><LI> startup_stm32h743xx.o(RESET)
</UL>
<P><STRONG><a name="[a1]"></a>BDMA_Channel6_IRQHandler</STRONG> (Thumb, 0 bytes, Stack size 0 bytes, startup_stm32h743xx.o(.text))
<BR>[Address Reference Count : 1]<UL><LI> startup_stm32h743xx.o(RESET)
</UL>
<P><STRONG><a name="[a2]"></a>BDMA_Channel7_IRQHandler</STRONG> (Thumb, 0 bytes, Stack size 0 bytes, startup_stm32h743xx.o(.text))
<BR>[Address Reference Count : 1]<UL><LI> startup_stm32h743xx.o(RESET)
</UL>
<P><STRONG><a name="[7a]"></a>CEC_IRQHandler</STRONG> (Thumb, 0 bytes, Stack size 0 bytes, startup_stm32h743xx.o(.text))
<BR>[Address Reference Count : 1]<UL><LI> startup_stm32h743xx.o(RESET)
</UL>
<P><STRONG><a name="[a3]"></a>COMP1_IRQHandler</STRONG> (Thumb, 0 bytes, Stack size 0 bytes, startup_stm32h743xx.o(.text))
<BR>[Address Reference Count : 1]<UL><LI> startup_stm32h743xx.o(RESET)
</UL>
<P><STRONG><a name="[a9]"></a>CRS_IRQHandler</STRONG> (Thumb, 0 bytes, Stack size 0 bytes, startup_stm32h743xx.o(.text))
<BR>[Address Reference Count : 1]<UL><LI> startup_stm32h743xx.o(RESET)
</UL>
<P><STRONG><a name="[8a]"></a>DFSDM1_FLT0_IRQHandler</STRONG> (Thumb, 0 bytes, Stack size 0 bytes, startup_stm32h743xx.o(.text))
<BR>[Address Reference Count : 1]<UL><LI> startup_stm32h743xx.o(RESET)
</UL>
<P><STRONG><a name="[8b]"></a>DFSDM1_FLT1_IRQHandler</STRONG> (Thumb, 0 bytes, Stack size 0 bytes, startup_stm32h743xx.o(.text))
<BR>[Address Reference Count : 1]<UL><LI> startup_stm32h743xx.o(RESET)
</UL>
<P><STRONG><a name="[8c]"></a>DFSDM1_FLT2_IRQHandler</STRONG> (Thumb, 0 bytes, Stack size 0 bytes, startup_stm32h743xx.o(.text))
<BR>[Address Reference Count : 1]<UL><LI> startup_stm32h743xx.o(RESET)
</UL>
<P><STRONG><a name="[8d]"></a>DFSDM1_FLT3_IRQHandler</STRONG> (Thumb, 0 bytes, Stack size 0 bytes, startup_stm32h743xx.o(.text))
<BR>[Address Reference Count : 1]<UL><LI> startup_stm32h743xx.o(RESET)
</UL>
<P><STRONG><a name="[2d]"></a>DMA1_Stream0_IRQHandler</STRONG> (Thumb, 0 bytes, Stack size 0 bytes, startup_stm32h743xx.o(.text))
<BR>[Address Reference Count : 1]<UL><LI> startup_stm32h743xx.o(RESET)
</UL>
<P><STRONG><a name="[2e]"></a>DMA1_Stream1_IRQHandler</STRONG> (Thumb, 0 bytes, Stack size 0 bytes, startup_stm32h743xx.o(.text))
<BR>[Address Reference Count : 1]<UL><LI> startup_stm32h743xx.o(RESET)
</UL>
<P><STRONG><a name="[2f]"></a>DMA1_Stream2_IRQHandler</STRONG> (Thumb, 0 bytes, Stack size 0 bytes, startup_stm32h743xx.o(.text))
<BR>[Address Reference Count : 1]<UL><LI> startup_stm32h743xx.o(RESET)
</UL>
<P><STRONG><a name="[30]"></a>DMA1_Stream3_IRQHandler</STRONG> (Thumb, 0 bytes, Stack size 0 bytes, startup_stm32h743xx.o(.text))
<BR>[Address Reference Count : 1]<UL><LI> startup_stm32h743xx.o(RESET)
</UL>
<P><STRONG><a name="[31]"></a>DMA1_Stream4_IRQHandler</STRONG> (Thumb, 0 bytes, Stack size 0 bytes, startup_stm32h743xx.o(.text))
<BR>[Address Reference Count : 1]<UL><LI> startup_stm32h743xx.o(RESET)
</UL>
<P><STRONG><a name="[32]"></a>DMA1_Stream5_IRQHandler</STRONG> (Thumb, 0 bytes, Stack size 0 bytes, startup_stm32h743xx.o(.text))
<BR>[Address Reference Count : 1]<UL><LI> startup_stm32h743xx.o(RESET)
</UL>
<P><STRONG><a name="[33]"></a>DMA1_Stream6_IRQHandler</STRONG> (Thumb, 0 bytes, Stack size 0 bytes, startup_stm32h743xx.o(.text))
<BR>[Address Reference Count : 1]<UL><LI> startup_stm32h743xx.o(RESET)
</UL>
<P><STRONG><a name="[50]"></a>DMA1_Stream7_IRQHandler</STRONG> (Thumb, 0 bytes, Stack size 0 bytes, startup_stm32h743xx.o(.text))
<BR>[Address Reference Count : 1]<UL><LI> startup_stm32h743xx.o(RESET)
</UL>
<P><STRONG><a name="[76]"></a>DMA2D_IRQHandler</STRONG> (Thumb, 0 bytes, Stack size 0 bytes, startup_stm32h743xx.o(.text))
<BR>[Address Reference Count : 1]<UL><LI> startup_stm32h743xx.o(RESET)
</UL>
<P><STRONG><a name="[59]"></a>DMA2_Stream0_IRQHandler</STRONG> (Thumb, 0 bytes, Stack size 0 bytes, startup_stm32h743xx.o(.text))
<BR>[Address Reference Count : 1]<UL><LI> startup_stm32h743xx.o(RESET)
</UL>
<P><STRONG><a name="[5b]"></a>DMA2_Stream2_IRQHandler</STRONG> (Thumb, 0 bytes, Stack size 0 bytes, startup_stm32h743xx.o(.text))
<BR>[Address Reference Count : 1]<UL><LI> startup_stm32h743xx.o(RESET)
</UL>
<P><STRONG><a name="[5c]"></a>DMA2_Stream3_IRQHandler</STRONG> (Thumb, 0 bytes, Stack size 0 bytes, startup_stm32h743xx.o(.text))
<BR>[Address Reference Count : 1]<UL><LI> startup_stm32h743xx.o(RESET)
</UL>
<P><STRONG><a name="[5d]"></a>DMA2_Stream4_IRQHandler</STRONG> (Thumb, 0 bytes, Stack size 0 bytes, startup_stm32h743xx.o(.text))
<BR>[Address Reference Count : 1]<UL><LI> startup_stm32h743xx.o(RESET)
</UL>
<P><STRONG><a name="[61]"></a>DMA2_Stream5_IRQHandler</STRONG> (Thumb, 0 bytes, Stack size 0 bytes, startup_stm32h743xx.o(.text))
<BR>[Address Reference Count : 1]<UL><LI> startup_stm32h743xx.o(RESET)
</UL>
<P><STRONG><a name="[62]"></a>DMA2_Stream6_IRQHandler</STRONG> (Thumb, 0 bytes, Stack size 0 bytes, startup_stm32h743xx.o(.text))
<BR>[Address Reference Count : 1]<UL><LI> startup_stm32h743xx.o(RESET)
</UL>
<P><STRONG><a name="[63]"></a>DMA2_Stream7_IRQHandler</STRONG> (Thumb, 0 bytes, Stack size 0 bytes, startup_stm32h743xx.o(.text))
<BR>[Address Reference Count : 1]<UL><LI> startup_stm32h743xx.o(RESET)
</UL>
<P><STRONG><a name="[82]"></a>DMAMUX1_OVR_IRQHandler</STRONG> (Thumb, 0 bytes, Stack size 0 bytes, startup_stm32h743xx.o(.text))
<BR>[Address Reference Count : 1]<UL><LI> startup_stm32h743xx.o(RESET)
</UL>
<P><STRONG><a name="[9a]"></a>DMAMUX2_OVR_IRQHandler</STRONG> (Thumb, 0 bytes, Stack size 0 bytes, startup_stm32h743xx.o(.text))
<BR>[Address Reference Count : 1]<UL><LI> startup_stm32h743xx.o(RESET)
</UL>
<P><STRONG><a name="[aa]"></a>ECC_IRQHandler</STRONG> (Thumb, 0 bytes, Stack size 0 bytes, startup_stm32h743xx.o(.text))
<BR>[Address Reference Count : 1]<UL><LI> startup_stm32h743xx.o(RESET)
</UL>
<P><STRONG><a name="[5e]"></a>ETH_IRQHandler</STRONG> (Thumb, 0 bytes, Stack size 0 bytes, startup_stm32h743xx.o(.text))
<BR>[Address Reference Count : 1]<UL><LI> startup_stm32h743xx.o(RESET)
</UL>
<P><STRONG><a name="[5f]"></a>ETH_WKUP_IRQHandler</STRONG> (Thumb, 0 bytes, Stack size 0 bytes, startup_stm32h743xx.o(.text))
<BR>[Address Reference Count : 1]<UL><LI> startup_stm32h743xx.o(RESET)
</UL>
<P><STRONG><a name="[28]"></a>EXTI0_IRQHandler</STRONG> (Thumb, 0 bytes, Stack size 0 bytes, startup_stm32h743xx.o(.text))
<BR>[Address Reference Count : 1]<UL><LI> startup_stm32h743xx.o(RESET)
</UL>
<P><STRONG><a name="[4a]"></a>EXTI15_10_IRQHandler</STRONG> (Thumb, 0 bytes, Stack size 0 bytes, startup_stm32h743xx.o(.text))
<BR>[Address Reference Count : 1]<UL><LI> startup_stm32h743xx.o(RESET)
</UL>
<P><STRONG><a name="[29]"></a>EXTI1_IRQHandler</STRONG> (Thumb, 0 bytes, Stack size 0 bytes, startup_stm32h743xx.o(.text))
<BR>[Address Reference Count : 1]<UL><LI> startup_stm32h743xx.o(RESET)
</UL>
<P><STRONG><a name="[2a]"></a>EXTI2_IRQHandler</STRONG> (Thumb, 0 bytes, Stack size 0 bytes, startup_stm32h743xx.o(.text))
<BR>[Address Reference Count : 1]<UL><LI> startup_stm32h743xx.o(RESET)
</UL>
<P><STRONG><a name="[2b]"></a>EXTI3_IRQHandler</STRONG> (Thumb, 0 bytes, Stack size 0 bytes, startup_stm32h743xx.o(.text))
<BR>[Address Reference Count : 1]<UL><LI> startup_stm32h743xx.o(RESET)
</UL>
<P><STRONG><a name="[2c]"></a>EXTI4_IRQHandler</STRONG> (Thumb, 0 bytes, Stack size 0 bytes, startup_stm32h743xx.o(.text))
<BR>[Address Reference Count : 1]<UL><LI> startup_stm32h743xx.o(RESET)
</UL>
<P><STRONG><a name="[39]"></a>EXTI9_5_IRQHandler</STRONG> (Thumb, 0 bytes, Stack size 0 bytes, startup_stm32h743xx.o(.text))
<BR>[Address Reference Count : 1]<UL><LI> startup_stm32h743xx.o(RESET)
</UL>
<P><STRONG><a name="[35]"></a>FDCAN1_IT0_IRQHandler</STRONG> (Thumb, 0 bytes, Stack size 0 bytes, startup_stm32h743xx.o(.text))
<BR>[Address Reference Count : 1]<UL><LI> startup_stm32h743xx.o(RESET)
</UL>
<P><STRONG><a name="[37]"></a>FDCAN1_IT1_IRQHandler</STRONG> (Thumb, 0 bytes, Stack size 0 bytes, startup_stm32h743xx.o(.text))
<BR>[Address Reference Count : 1]<UL><LI> startup_stm32h743xx.o(RESET)
</UL>
<P><STRONG><a name="[36]"></a>FDCAN2_IT0_IRQHandler</STRONG> (Thumb, 0 bytes, Stack size 0 bytes, startup_stm32h743xx.o(.text))
<BR>[Address Reference Count : 1]<UL><LI> startup_stm32h743xx.o(RESET)
</UL>
<P><STRONG><a name="[38]"></a>FDCAN2_IT1_IRQHandler</STRONG> (Thumb, 0 bytes, Stack size 0 bytes, startup_stm32h743xx.o(.text))
<BR>[Address Reference Count : 1]<UL><LI> startup_stm32h743xx.o(RESET)
</UL>
<P><STRONG><a name="[60]"></a>FDCAN_CAL_IRQHandler</STRONG> (Thumb, 0 bytes, Stack size 0 bytes, startup_stm32h743xx.o(.text))
<BR>[Address Reference Count : 1]<UL><LI> startup_stm32h743xx.o(RESET)
</UL>
<P><STRONG><a name="[26]"></a>FLASH_IRQHandler</STRONG> (Thumb, 0 bytes, Stack size 0 bytes, startup_stm32h743xx.o(.text))
<BR>[Address Reference Count : 1]<UL><LI> startup_stm32h743xx.o(RESET)
</UL>
<P><STRONG><a name="[51]"></a>FMC_IRQHandler</STRONG> (Thumb, 0 bytes, Stack size 0 bytes, startup_stm32h743xx.o(.text))
<BR>[Address Reference Count : 1]<UL><LI> startup_stm32h743xx.o(RESET)
</UL>
<P><STRONG><a name="[6d]"></a>FPU_IRQHandler</STRONG> (Thumb, 0 bytes, Stack size 0 bytes, startup_stm32h743xx.o(.text))
<BR>[Address Reference Count : 1]<UL><LI> startup_stm32h743xx.o(RESET)
</UL>
<P><STRONG><a name="[89]"></a>HRTIM1_FLT_IRQHandler</STRONG> (Thumb, 0 bytes, Stack size 0 bytes, startup_stm32h743xx.o(.text))
<BR>[Address Reference Count : 1]<UL><LI> startup_stm32h743xx.o(RESET)
</UL>
<P><STRONG><a name="[83]"></a>HRTIM1_Master_IRQHandler</STRONG> (Thumb, 0 bytes, Stack size 0 bytes, startup_stm32h743xx.o(.text))
<BR>[Address Reference Count : 1]<UL><LI> startup_stm32h743xx.o(RESET)
</UL>
<P><STRONG><a name="[84]"></a>HRTIM1_TIMA_IRQHandler</STRONG> (Thumb, 0 bytes, Stack size 0 bytes, startup_stm32h743xx.o(.text))
<BR>[Address Reference Count : 1]<UL><LI> startup_stm32h743xx.o(RESET)
</UL>
<P><STRONG><a name="[85]"></a>HRTIM1_TIMB_IRQHandler</STRONG> (Thumb, 0 bytes, Stack size 0 bytes, startup_stm32h743xx.o(.text))
<BR>[Address Reference Count : 1]<UL><LI> startup_stm32h743xx.o(RESET)
</UL>
<P><STRONG><a name="[86]"></a>HRTIM1_TIMC_IRQHandler</STRONG> (Thumb, 0 bytes, Stack size 0 bytes, startup_stm32h743xx.o(.text))
<BR>[Address Reference Count : 1]<UL><LI> startup_stm32h743xx.o(RESET)
</UL>
<P><STRONG><a name="[87]"></a>HRTIM1_TIMD_IRQHandler</STRONG> (Thumb, 0 bytes, Stack size 0 bytes, startup_stm32h743xx.o(.text))
<BR>[Address Reference Count : 1]<UL><LI> startup_stm32h743xx.o(RESET)
</UL>
<P><STRONG><a name="[88]"></a>HRTIM1_TIME_IRQHandler</STRONG> (Thumb, 0 bytes, Stack size 0 bytes, startup_stm32h743xx.o(.text))
<BR>[Address Reference Count : 1]<UL><LI> startup_stm32h743xx.o(RESET)
</UL>
<P><STRONG><a name="[98]"></a>HSEM1_IRQHandler</STRONG> (Thumb, 0 bytes, Stack size 0 bytes, startup_stm32h743xx.o(.text))
<BR>[Address Reference Count : 1]<UL><LI> startup_stm32h743xx.o(RESET)
</UL>
<P><STRONG><a name="[42]"></a>I2C1_ER_IRQHandler</STRONG> (Thumb, 0 bytes, Stack size 0 bytes, startup_stm32h743xx.o(.text))
<BR>[Address Reference Count : 1]<UL><LI> startup_stm32h743xx.o(RESET)
</UL>
<P><STRONG><a name="[41]"></a>I2C1_EV_IRQHandler</STRONG> (Thumb, 0 bytes, Stack size 0 bytes, startup_stm32h743xx.o(.text))
<BR>[Address Reference Count : 1]<UL><LI> startup_stm32h743xx.o(RESET)
</UL>
<P><STRONG><a name="[44]"></a>I2C2_ER_IRQHandler</STRONG> (Thumb, 0 bytes, Stack size 0 bytes, startup_stm32h743xx.o(.text))
<BR>[Address Reference Count : 1]<UL><LI> startup_stm32h743xx.o(RESET)
</UL>
<P><STRONG><a name="[43]"></a>I2C2_EV_IRQHandler</STRONG> (Thumb, 0 bytes, Stack size 0 bytes, startup_stm32h743xx.o(.text))
<BR>[Address Reference Count : 1]<UL><LI> startup_stm32h743xx.o(RESET)
</UL>
<P><STRONG><a name="[66]"></a>I2C3_ER_IRQHandler</STRONG> (Thumb, 0 bytes, Stack size 0 bytes, startup_stm32h743xx.o(.text))
<BR>[Address Reference Count : 1]<UL><LI> startup_stm32h743xx.o(RESET)
</UL>
<P><STRONG><a name="[65]"></a>I2C3_EV_IRQHandler</STRONG> (Thumb, 0 bytes, Stack size 0 bytes, startup_stm32h743xx.o(.text))
<BR>[Address Reference Count : 1]<UL><LI> startup_stm32h743xx.o(RESET)
</UL>
<P><STRONG><a name="[7c]"></a>I2C4_ER_IRQHandler</STRONG> (Thumb, 0 bytes, Stack size 0 bytes, startup_stm32h743xx.o(.text))
<BR>[Address Reference Count : 1]<UL><LI> startup_stm32h743xx.o(RESET)
</UL>
<P><STRONG><a name="[7b]"></a>I2C4_EV_IRQHandler</STRONG> (Thumb, 0 bytes, Stack size 0 bytes, startup_stm32h743xx.o(.text))
<BR>[Address Reference Count : 1]<UL><LI> startup_stm32h743xx.o(RESET)
</UL>
<P><STRONG><a name="[95]"></a>JPEG_IRQHandler</STRONG> (Thumb, 0 bytes, Stack size 0 bytes, startup_stm32h743xx.o(.text))
<BR>[Address Reference Count : 1]<UL><LI> startup_stm32h743xx.o(RESET)
</UL>
<P><STRONG><a name="[79]"></a>LPTIM1_IRQHandler</STRONG> (Thumb, 0 bytes, Stack size 0 bytes, startup_stm32h743xx.o(.text))
<BR>[Address Reference Count : 1]<UL><LI> startup_stm32h743xx.o(RESET)
</UL>
<P><STRONG><a name="[a4]"></a>LPTIM2_IRQHandler</STRONG> (Thumb, 0 bytes, Stack size 0 bytes, startup_stm32h743xx.o(.text))
<BR>[Address Reference Count : 1]<UL><LI> startup_stm32h743xx.o(RESET)
</UL>
<P><STRONG><a name="[a5]"></a>LPTIM3_IRQHandler</STRONG> (Thumb, 0 bytes, Stack size 0 bytes, startup_stm32h743xx.o(.text))
<BR>[Address Reference Count : 1]<UL><LI> startup_stm32h743xx.o(RESET)
</UL>
<P><STRONG><a name="[a6]"></a>LPTIM4_IRQHandler</STRONG> (Thumb, 0 bytes, Stack size 0 bytes, startup_stm32h743xx.o(.text))
<BR>[Address Reference Count : 1]<UL><LI> startup_stm32h743xx.o(RESET)
</UL>
<P><STRONG><a name="[a7]"></a>LPTIM5_IRQHandler</STRONG> (Thumb, 0 bytes, Stack size 0 bytes, startup_stm32h743xx.o(.text))
<BR>[Address Reference Count : 1]<UL><LI> startup_stm32h743xx.o(RESET)
</UL>
<P><STRONG><a name="[a8]"></a>LPUART1_IRQHandler</STRONG> (Thumb, 0 bytes, Stack size 0 bytes, startup_stm32h743xx.o(.text))
<BR>[Address Reference Count : 1]<UL><LI> startup_stm32h743xx.o(RESET)
</UL>
<P><STRONG><a name="[75]"></a>LTDC_ER_IRQHandler</STRONG> (Thumb, 0 bytes, Stack size 0 bytes, startup_stm32h743xx.o(.text))
<BR>[Address Reference Count : 1]<UL><LI> startup_stm32h743xx.o(RESET)
</UL>
<P><STRONG><a name="[74]"></a>LTDC_IRQHandler</STRONG> (Thumb, 0 bytes, Stack size 0 bytes, startup_stm32h743xx.o(.text))
<BR>[Address Reference Count : 1]<UL><LI> startup_stm32h743xx.o(RESET)
</UL>
<P><STRONG><a name="[94]"></a>MDIOS_IRQHandler</STRONG> (Thumb, 0 bytes, Stack size 0 bytes, startup_stm32h743xx.o(.text))
<BR>[Address Reference Count : 1]<UL><LI> startup_stm32h743xx.o(RESET)
</UL>
<P><STRONG><a name="[93]"></a>MDIOS_WKUP_IRQHandler</STRONG> (Thumb, 0 bytes, Stack size 0 bytes, startup_stm32h743xx.o(.text))
<BR>[Address Reference Count : 1]<UL><LI> startup_stm32h743xx.o(RESET)
</UL>
<P><STRONG><a name="[96]"></a>MDMA_IRQHandler</STRONG> (Thumb, 0 bytes, Stack size 0 bytes, startup_stm32h743xx.o(.text))
<BR>[Address Reference Count : 1]<UL><LI> startup_stm32h743xx.o(RESET)
</UL>
<P><STRONG><a name="[7f]"></a>OTG_FS_EP1_IN_IRQHandler</STRONG> (Thumb, 0 bytes, Stack size 0 bytes, startup_stm32h743xx.o(.text))
<BR>[Address Reference Count : 1]<UL><LI> startup_stm32h743xx.o(RESET)
</UL>
<P><STRONG><a name="[7e]"></a>OTG_FS_EP1_OUT_IRQHandler</STRONG> (Thumb, 0 bytes, Stack size 0 bytes, startup_stm32h743xx.o(.text))
<BR>[Address Reference Count : 1]<UL><LI> startup_stm32h743xx.o(RESET)
</UL>
[...]
<LI><a href="#[1c1]">&gt;&gt;</a>&nbsp;&nbsp;&nbsp;st_sssa8_nn_mat_mult_kernel_opt
<LI><a href="#[1c3]">&gt;&gt;</a>&nbsp;&nbsp;&nbsp;st_sssa8_nn_mat_mult_kernel
<LI><a href="#[1bc]">&gt;&gt;</a>&nbsp;&nbsp;&nbsp;st_int8_to16_dual
<LI><a href="#[1bd]">&gt;&gt;</a>&nbsp;&nbsp;&nbsp;ai_padding_opt_phase1
<LI><a href="#[1bb]">&gt;&gt;</a>&nbsp;&nbsp;&nbsp;ai_padding_opt_init
</UL>
<BR>[Called By]<UL><LI><a href="#[13]">&gt;&gt;</a>&nbsp;&nbsp;&nbsp;forward_conv2d_integer_SSSA
</UL>

<P><STRONG><a name="[1c5]"></a>st_sssa8_fullW_prefetch</STRONG> (Thumb, 426 bytes, Stack size 36 bytes, st_sssa8_nn_mat_mult_nt_t.o(i.st_sssa8_fullW_prefetch))
<BR><BR>[Stack]<UL><LI>Max Depth = 36<LI>Call Chain = st_sssa8_fullW_prefetch
</UL>
<BR>[Called By]<UL><LI><a href="#[18d]">&gt;&gt;</a>&nbsp;&nbsp;&nbsp;st_sssa8_convolve_1x1_WeightsPrefetch
</UL>

<P><STRONG><a name="[1c3]"></a>st_sssa8_nn_mat_mult_kernel</STRONG> (Thumb, 1500 bytes, Stack size 140 bytes, st_sssa8_nn_mat_mult_kernel.o(i.st_sssa8_nn_mat_mult_kernel))
<BR><BR>[Stack]<UL><LI>Max Depth = 140<LI>Call Chain = st_sssa8_nn_mat_mult_kernel
</UL>
<BR>[Called By]<UL><LI><a href="#[18c]">&gt;&gt;</a>&nbsp;&nbsp;&nbsp;st_sssa8_convolve_rgb
<LI><a href="#[18f]">&gt;&gt;</a>&nbsp;&nbsp;&nbsp;st_sssa8_convolve
</UL>

<P><STRONG><a name="[1c1]"></a>st_sssa8_nn_mat_mult_kernel_opt</STRONG> (Thumb, 1154 bytes, Stack size 128 bytes, st_sssa8_nn_mat_mult_kernel_opt.o(i.st_sssa8_nn_mat_mult_kernel_opt))
<BR><BR>[Stack]<UL><LI>Max Depth = 128<LI>Call Chain = st_sssa8_nn_mat_mult_kernel_opt
</UL>
<BR>[Called By]<UL><LI><a href="#[18c]">&gt;&gt;</a>&nbsp;&nbsp;&nbsp;st_sssa8_convolve_rgb
<LI><a href="#[18f]">&gt;&gt;</a>&nbsp;&nbsp;&nbsp;st_sssa8_convolve
</UL>

<P><STRONG><a name="[1c2]"></a>st_sssa8_nn_mat_mult_kernel_single_opt</STRONG> (Thumb, 618 bytes, Stack size 100 bytes, st_sssa8_nn_mat_mult_kernel_opt.o(i.st_sssa8_nn_mat_mult_kernel_single_opt))
<BR><BR>[Stack]<UL><LI>Max Depth = 100<LI>Call Chain = st_sssa8_nn_mat_mult_kernel_single_opt
</UL>
<BR>[Called By]<UL><LI><a href="#[18c]">&gt;&gt;</a>&nbsp;&nbsp;&nbsp;st_sssa8_convolve_rgb
<LI><a href="#[18f]">&gt;&gt;</a>&nbsp;&nbsp;&nbsp;st_sssa8_convolve
</UL>

<P><STRONG><a name="[1c4]"></a>st_sssa8_nn_mat_mult_nt_t</STRONG> (Thumb, 1946 bytes, Stack size 160 bytes, st_sssa8_nn_mat_mult_nt_t.o(i.st_sssa8_nn_mat_mult_nt_t))
<BR><BR>[Stack]<UL><LI>Max Depth = 160<LI>Call Chain = st_sssa8_nn_mat_mult_nt_t
</UL>
<BR>[Called By]<UL><LI><a href="#[18e]">&gt;&gt;</a>&nbsp;&nbsp;&nbsp;st_sssa8_convolve_1x1
</UL>

<P><STRONG><a name="[1c6]"></a>st_uint8_fill</STRONG> (Thumb, 84 bytes, Stack size 8 bytes, st_uint8_fill.o(i.st_uint8_fill))
<BR><BR>[Stack]<UL><LI>Max Depth = 8<LI>Call Chain = st_uint8_fill
</UL>
<BR>[Called By]<UL><LI><a href="#[191]">&gt;&gt;</a>&nbsp;&nbsp;&nbsp;st_sssa8_convolve_dw
</UL>
<P>
<H3>
Local Symbols
</H3>
<P><STRONG><a name="[144]"></a>atk_mc2640_sccb_write_byte</STRONG> (Thumb, 124 bytes, Stack size 16 bytes, mc2640_sccb.o(.text.atk_mc2640_sccb_write_byte))
<BR><BR>[Stack]<UL><LI>Max Depth = 32<LI>Call Chain = atk_mc2640_sccb_write_byte &rArr; delay_us
</UL>
<BR>[Calls]<UL><LI><a href="#[115]">&gt;&gt;</a>&nbsp;&nbsp;&nbsp;HAL_GPIO_WritePin
<LI><a href="#[143]">&gt;&gt;</a>&nbsp;&nbsp;&nbsp;delay_us
</UL>
<BR>[Called By]<UL><LI><a href="#[142]">&gt;&gt;</a>&nbsp;&nbsp;&nbsp;atk_mc2640_sccb_2_phase_read
<LI><a href="#[141]">&gt;&gt;</a>&nbsp;&nbsp;&nbsp;atk_mc2640_sccb_2_phase_write
<LI><a href="#[140]">&gt;&gt;</a>&nbsp;&nbsp;&nbsp;atk_mc2640_sccb_3_phase_write
</UL>

<P><STRONG><a name="[b5]"></a>DCMI_DMAError</STRONG> (Thumb, 28 bytes, Stack size 0 bytes, stm32h7xx_hal_dcmi.o(.text.DCMI_DMAError))
<BR><BR>[Calls]<UL><LI><a href="#[d0]">&gt;&gt;</a>&nbsp;&nbsp;&nbsp;HAL_DCMI_ErrorCallback
</UL>
<BR>[Address Reference Count : 2]<UL><LI> stm32h7xx_hal_dcmi.o(.text.HAL_DCMI_IRQHandler)
<LI> stm32h7xx_hal_dcmi.o(.text.HAL_DCMI_Start_DMA)
</UL>
<P><STRONG><a name="[b6]"></a>DCMI_DMAXferCplt</STRONG> (Thumb, 130 bytes, Stack size 8 bytes, stm32h7xx_hal_dcmi.o(.text.DCMI_DMAXferCplt))
<BR><BR>[Stack]<UL><LI>Max Depth = 8<LI>Call Chain = DCMI_DMAXferCplt
</UL>
<BR>[Calls]<UL><LI><a href="#[d1]">&gt;&gt;</a>&nbsp;&nbsp;&nbsp;HAL_DMAEx_ChangeMemory
</UL>
<BR>[Address Reference Count : 1]<UL><LI> stm32h7xx_hal_dcmi.o(.text.HAL_DCMI_Start_DMA)
</UL>
<P><STRONG><a name="[f7]"></a>RCCEx_PLL2_Config</STRONG> (Thumb, 286 bytes, Stack size 24 bytes, stm32h7xx_hal_rcc_ex.o(.text.RCCEx_PLL2_Config))
<BR><BR>[Stack]<UL><LI>Max Depth = 24<LI>Call Chain = RCCEx_PLL2_Config
</UL>
<BR>[Calls]<UL><LI><a href="#[ea]">&gt;&gt;</a>&nbsp;&nbsp;&nbsp;HAL_GetTick
</UL>
<BR>[Called By]<UL><LI><a href="#[f6]">&gt;&gt;</a>&nbsp;&nbsp;&nbsp;HAL_RCCEx_PeriphCLKConfig
</UL>

<P><STRONG><a name="[f8]"></a>RCCEx_PLL3_Config</STRONG> (Thumb, 286 bytes, Stack size 24 bytes, stm32h7xx_hal_rcc_ex.o(.text.RCCEx_PLL3_Config))
<BR><BR>[Stack]<UL><LI>Max Depth = 24<LI>Call Chain = RCCEx_PLL3_Config
</UL>
<BR>[Calls]<UL><LI><a href="#[ea]">&gt;&gt;</a>&nbsp;&nbsp;&nbsp;HAL_GetTick
</UL>
<BR>[Called By]<UL><LI><a href="#[f6]">&gt;&gt;</a>&nbsp;&nbsp;&nbsp;HAL_RCCEx_PeriphCLKConfig
</UL>

<P><STRONG><a name="[eb]"></a>DMA_CalcBaseAndBitshift</STRONG> (Thumb, 272 bytes, Stack size 0 bytes, stm32h7xx_hal_dma.o(.text.DMA_CalcBaseAndBitshift))
<BR><BR>[Called By]<UL><LI><a href="#[e0]">&gt;&gt;</a>&nbsp;&nbsp;&nbsp;HAL_DMA_Init
</UL>

<P><STRONG><a name="[ec]"></a>DMA_SetConfig</STRONG> (Thumb, 766 bytes, Stack size 16 bytes, stm32h7xx_hal_dma.o(.text.DMA_SetConfig))
<BR><BR>[Stack]<UL><LI>Max Depth = 16<LI>Call Chain = DMA_SetConfig
</UL>
<BR>[Called By]<UL><LI><a href="#[e5]">&gt;&gt;</a>&nbsp;&nbsp;&nbsp;HAL_DMA_Start_IT
</UL>

<P><STRONG><a name="[e9]"></a>DMA_MultiBufferSetConfig</STRONG> (Thumb, 280 bytes, Stack size 8 bytes, stm32h7xx_hal_dma_ex.o(.text.DMA_MultiBufferSetConfig))
<BR><BR>[Stack]<UL><LI>Max Depth = 8<LI>Call Chain = DMA_MultiBufferSetConfig
</UL>
<BR>[Called By]<UL><LI><a href="#[e6]">&gt;&gt;</a>&nbsp;&nbsp;&nbsp;HAL_DMAEx_MultiBufferStart_IT
</UL>

<P><STRONG><a name="[b9]"></a>UART_RxISR_8BIT</STRONG> (Thumb, 206 bytes, Stack size 0 bytes, stm32h7xx_hal_uart.o(.text.UART_RxISR_8BIT))
<BR><BR>[Stack]<UL><LI>Max Depth = 8<LI>Call Chain = UART_RxISR_8BIT &rArr; HAL_UART_RxCpltCallback &rArr; HAL_UART_Receive_IT
</UL>
<BR>[Calls]<UL><LI><a href="#[110]">&gt;&gt;</a>&nbsp;&nbsp;&nbsp;HAL_UART_RxCpltCallback
<LI><a href="#[107]">&gt;&gt;</a>&nbsp;&nbsp;&nbsp;HAL_UARTEx_RxEventCallback
</UL>
<BR>[Address Reference Count : 2]<UL><LI> stm32h7xx_hal_uart.o(.text.UART_Start_Receive_IT)
<LI> stm32h7xx_hal_uart.o(.text.UART_RxISR_8BIT_FIFOEN)
</UL>
<P><STRONG><a name="[ba]"></a>UART_RxISR_8BIT_FIFOEN</STRONG> (Thumb, 454 bytes, Stack size 40 bytes, stm32h7xx_hal_uart.o(.text.UART_RxISR_8BIT_FIFOEN))
<BR><BR>[Stack]<UL><LI>Max Depth = 48<LI>Call Chain = UART_RxISR_8BIT_FIFOEN &rArr; HAL_UART_RxCpltCallback &rArr; HAL_UART_Receive_IT
</UL>
<BR>[Calls]<UL><LI><a href="#[110]">&gt;&gt;</a>&nbsp;&nbsp;&nbsp;HAL_UART_RxCpltCallback
<LI><a href="#[107]">&gt;&gt;</a>&nbsp;&nbsp;&nbsp;HAL_UARTEx_RxEventCallback
<LI><a href="#[103]">&gt;&gt;</a>&nbsp;&nbsp;&nbsp;HAL_UART_ErrorCallback
</UL>
<BR>[Address Reference Count : 1]<UL><LI> stm32h7xx_hal_uart.o(.text.UART_Start_Receive_IT)
</UL>
<P><STRONG><a name="[b8]"></a>UART_RxISR_16BIT</STRONG> (Thumb, 206 bytes, Stack size 0 bytes, stm32h7xx_hal_uart.o(.text.UART_RxISR_16BIT))
<BR><BR>[Stack]<UL><LI>Max Depth = 8<LI>Call Chain = UART_RxISR_16BIT &rArr; HAL_UART_RxCpltCallback &rArr; HAL_UART_Receive_IT
</UL>
<BR>[Calls]<UL><LI><a href="#[110]">&gt;&gt;</a>&nbsp;&nbsp;&nbsp;HAL_UART_RxCpltCallback
<LI><a href="#[107]">&gt;&gt;</a>&nbsp;&nbsp;&nbsp;HAL_UARTEx_RxEventCallback
</UL>
<BR>[Address Reference Count : 2]<UL><LI> stm32h7xx_hal_uart.o(.text.UART_Start_Receive_IT)
<LI> stm32h7xx_hal_uart.o(.text.UART_RxISR_16BIT_FIFOEN)
</UL>
<P><STRONG><a name="[bb]"></a>UART_RxISR_16BIT_FIFOEN</STRONG> (Thumb, 450 bytes, Stack size 40 bytes, stm32h7xx_hal_uart.o(.text.UART_RxISR_16BIT_FIFOEN))
<BR><BR>[Stack]<UL><LI>Max Depth = 48<LI>Call Chain = UART_RxISR_16BIT_FIFOEN &rArr; HAL_UART_RxCpltCallback &rArr; HAL_UART_Receive_IT
</UL>
<BR>[Calls]<UL><LI><a href="#[110]">&gt;&gt;</a>&nbsp;&nbsp;&nbsp;HAL_UART_RxCpltCallback
<LI><a href="#[107]">&gt;&gt;</a>&nbsp;&nbsp;&nbsp;HAL_UARTEx_RxEventCallback
<LI><a href="#[103]">&gt;&gt;</a>&nbsp;&nbsp;&nbsp;HAL_UART_ErrorCallback
</UL>
<BR>[Address Reference Count : 1]<UL><LI> stm32h7xx_hal_uart.o(.text.UART_Start_Receive_IT)
</UL>
<P><STRONG><a name="[b7]"></a>UART_DMAAbortOnError</STRONG> (Thumb, 12 bytes, Stack size 0 bytes, stm32h7xx_hal_uart.o(.text.UART_DMAAbortOnError))
<BR><BR>[Calls]<UL><LI><a href="#[103]">&gt;&gt;</a>&nbsp;&nbsp;&nbsp;HAL_UART_ErrorCallback
</UL>
<BR>[Address Reference Count : 1]<UL><LI> stm32h7xx_hal_uart.o(.text.HAL_UART_IRQHandler)
</UL>
<P><STRONG><a name="[163]"></a>_ai_platform_get_io_buffers_info</STRONG> (Thumb, 220 bytes, Stack size 136 bytes, ai_platform_interface.o(i._ai_platform_get_io_buffers_info))
<BR><BR>[Stack]<UL><LI>Max Depth = 148<LI>Call Chain = _ai_platform_get_io_buffers_info &rArr; ai_array_to_buffer_fmt
</UL>
<BR>[Calls]<UL><LI><a href="#[126]">&gt;&gt;</a>&nbsp;&nbsp;&nbsp;__aeabi_memclr4
<LI><a href="#[150]">&gt;&gt;</a>&nbsp;&nbsp;&nbsp;__aeabi_memcpy4
<LI><a href="#[164]">&gt;&gt;</a>&nbsp;&nbsp;&nbsp;ai_array_to_buffer_fmt
</UL>
<BR>[Called By]<UL><LI><a href="#[138]">&gt;&gt;</a>&nbsp;&nbsp;&nbsp;ai_platform_outputs_get
<LI><a href="#[137]">&gt;&gt;</a>&nbsp;&nbsp;&nbsp;ai_platform_inputs_get
</UL>

<P><STRONG><a name="[165]"></a>_platform_ai_buffer_array_copy</STRONG> (Thumb, 74 bytes, Stack size 16 bytes, ai_platform_interface.o(i._platform_ai_buffer_array_copy))
<BR><BR>[Stack]<UL><LI>Max Depth = 16<LI>Call Chain = _platform_ai_buffer_array_copy
</UL>
<BR>[Calls]<UL><LI><a href="#[150]">&gt;&gt;</a>&nbsp;&nbsp;&nbsp;__aeabi_memcpy4
</UL>
<BR>[Called By]<UL><LI><a href="#[132]">&gt;&gt;</a>&nbsp;&nbsp;&nbsp;ai_platform_network_init
</UL>

<P><STRONG><a name="[17b]"></a>_platform_get_table_map_from_buffer</STRONG> (Thumb, 74 bytes, Stack size 12 bytes, ai_platform_interface.o(i._platform_get_table_map_from_buffer))
<BR><BR>[Stack]<UL><LI>Max Depth = 12<LI>Call Chain = _platform_get_table_map_from_buffer
</UL>
<BR>[Called By]<UL><LI><a href="#[135]">&gt;&gt;</a>&nbsp;&nbsp;&nbsp;ai_platform_get_activations_map
<LI><a href="#[133]">&gt;&gt;</a>&nbsp;&nbsp;&nbsp;ai_platform_get_weights_map
</UL>

<P><STRONG><a name="[166]"></a>_platform_get_table_map_from_buffer_array</STRONG> (Thumb, 68 bytes, Stack size 16 bytes, ai_platform_interface.o(i._platform_get_table_map_from_buffer_array))
<BR><BR>[Stack]<UL><LI>Max Depth = 16<LI>Call Chain = _platform_get_table_map_from_buffer_array
</UL>
<BR>[Calls]<UL><LI><a href="#[167]">&gt;&gt;</a>&nbsp;&nbsp;&nbsp;ai_buffer_array_sane
</UL>
<BR>[Called By]<UL><LI><a href="#[135]">&gt;&gt;</a>&nbsp;&nbsp;&nbsp;ai_platform_get_activations_map
<LI><a href="#[133]">&gt;&gt;</a>&nbsp;&nbsp;&nbsp;ai_platform_get_weights_map
</UL>

<P><STRONG><a name="[180]"></a>_platform_network_buffers_signature_valid</STRONG> (Thumb, 14 bytes, Stack size 0 bytes, ai_platform_interface.o(i._platform_network_buffers_signature_valid))
<BR><BR>[Called By]<UL><LI><a href="#[132]">&gt;&gt;</a>&nbsp;&nbsp;&nbsp;ai_platform_network_init
</UL>

<P><STRONG><a name="[168]"></a>_platform_network_io_bind</STRONG> (Thumb, 528 bytes, Stack size 48 bytes, ai_platform_interface.o(i._platform_network_io_bind))
<BR><BR>[Stack]<UL><LI>Max Depth = 76<LI>Call Chain = _platform_network_io_bind &rArr; _platform_network_state_setup &rArr; get_tensor_byte_size
</UL>
<BR>[Calls]<UL><LI><a href="#[16b]">&gt;&gt;</a>&nbsp;&nbsp;&nbsp;get_tensor_byte_size
<LI><a href="#[164]">&gt;&gt;</a>&nbsp;&nbsp;&nbsp;ai_array_to_buffer_fmt
<LI><a href="#[16a]">&gt;&gt;</a>&nbsp;&nbsp;&nbsp;ai_array_get_data_byte_size
<LI><a href="#[16c]">&gt;&gt;</a>&nbsp;&nbsp;&nbsp;_platform_network_state_setup
<LI><a href="#[169]">&gt;&gt;</a>&nbsp;&nbsp;&nbsp;ai_buffer_get_size
<LI><a href="#[134]">&gt;&gt;</a>&nbsp;&nbsp;&nbsp;ai_platform_network_set_error
</UL>
<BR>[Called By]<UL><LI><a href="#[139]">&gt;&gt;</a>&nbsp;&nbsp;&nbsp;ai_platform_network_process
</UL>

<P><STRONG><a name="[16c]"></a>_platform_network_state_setup</STRONG> (Thumb, 62 bytes, Stack size 16 bytes, ai_platform_interface.o(i._platform_network_state_setup))
<BR><BR>[Stack]<UL><LI>Max Depth = 28<LI>Call Chain = _platform_network_state_setup &rArr; get_tensor_byte_size
</UL>
<BR>[Calls]<UL><LI><a href="#[16b]">&gt;&gt;</a>&nbsp;&nbsp;&nbsp;get_tensor_byte_size
</UL>
<BR>[Called By]<UL><LI><a href="#[168]">&gt;&gt;</a>&nbsp;&nbsp;&nbsp;_platform_network_io_bind
</UL>

<P><STRONG><a name="[16d]"></a>_platform_network_state_update_input</STRONG> (Thumb, 106 bytes, Stack size 24 bytes, ai_platform_interface.o(i._platform_network_state_update_input))
<BR><BR>[Stack]<UL><LI>Max Depth = 44<LI>Call Chain = _platform_network_state_update_input &rArr; st_int8_copy
</UL>
<BR>[Calls]<UL><LI><a href="#[16e]">&gt;&gt;</a>&nbsp;&nbsp;&nbsp;st_int8_copy
</UL>
<BR>[Called By]<UL><LI><a href="#[139]">&gt;&gt;</a>&nbsp;&nbsp;&nbsp;ai_platform_network_process
</UL>

<P><STRONG><a name="[16f]"></a>_platform_network_state_update_output</STRONG> (Thumb, 128 bytes, Stack size 24 bytes, ai_platform_interface.o(i._platform_network_state_update_output))
<BR><BR>[Stack]<UL><LI>Max Depth = 44<LI>Call Chain = _platform_network_state_update_output &rArr; st_int8_copy
</UL>
<BR>[Calls]<UL><LI><a href="#[16e]">&gt;&gt;</a>&nbsp;&nbsp;&nbsp;st_int8_copy
</UL>
<BR>[Called By]<UL><LI><a href="#[139]">&gt;&gt;</a>&nbsp;&nbsp;&nbsp;ai_platform_network_process
</UL>

<P><STRONG><a name="[1b4]"></a>ai_shape_get_size</STRONG> (Thumb, 26 bytes, Stack size 0 bytes, core_convert.o(i.ai_shape_get_size))
<BR><BR>[Called By]<UL><LI><a href="#[a]">&gt;&gt;</a>&nbsp;&nbsp;&nbsp;node_convert
<LI><a href="#[4]">&gt;&gt;</a>&nbsp;&nbsp;&nbsp;node_convert_integer
</UL>

<P><STRONG><a name="[18a]"></a>_get_conv2d_case</STRONG> (Thumb, 194 bytes, Stack size 12 bytes, layers_conv2d_stm32_integer.o(i._get_conv2d_case))
<BR><BR>[Stack]<UL><LI>Max Depth = 12<LI>Call Chain = _get_conv2d_case
</UL>
<BR>[Called By]<UL><LI><a href="#[13]">&gt;&gt;</a>&nbsp;&nbsp;&nbsp;forward_conv2d_integer_SSSA
</UL>

<P><STRONG><a name="[192]"></a>ai_shape_get_size</STRONG> (Thumb, 26 bytes, Stack size 0 bytes, layers_conv2d_stm32_integer.o(i.ai_shape_get_size))
<BR><BR>[Called By]<UL><LI><a href="#[13]">&gt;&gt;</a>&nbsp;&nbsp;&nbsp;forward_conv2d_integer_SSSA
</UL>

<P><STRONG><a name="[188]"></a>core_nl_get_params</STRONG> (Thumb, 12 bytes, Stack size 0 bytes, layers_conv2d_stm32_integer.o(i.core_nl_get_params))
<BR><BR>[Called By]<UL><LI><a href="#[13]">&gt;&gt;</a>&nbsp;&nbsp;&nbsp;forward_conv2d_integer_SSSA
</UL>

<P><STRONG><a name="[189]"></a>core_nl_get_params_ptr</STRONG> (Thumb, 18 bytes, Stack size 0 bytes, layers_conv2d_stm32_integer.o(i.core_nl_get_params_ptr))
<BR><BR>[Called By]<UL><LI><a href="#[13]">&gt;&gt;</a>&nbsp;&nbsp;&nbsp;forward_conv2d_integer_SSSA
</UL>

<P><STRONG><a name="[bd]"></a>func_dummy</STRONG> (Thumb, 2 bytes, Stack size 0 bytes, layers_conv2d_stm32_integer.o(i.func_dummy))
<BR>[Address Reference Count : 1]<UL><LI> layers_conv2d_stm32_integer.o(i.forward_conv2d_integer_SSSA)
</UL>
<P><STRONG><a name="[172]"></a>_transpose_items</STRONG> (Thumb, 360 bytes, Stack size 112 bytes, layers_generic_float.o(i._transpose_items))
<BR><BR>[Stack]<UL><LI>Max Depth = 132<LI>Call Chain = _transpose_items &rArr; st_int8_copy
</UL>
<BR>[Calls]<UL><LI><a href="#[16e]">&gt;&gt;</a>&nbsp;&nbsp;&nbsp;st_int8_copy
</UL>
<BR>[Called By]<UL><LI><a href="#[b]">&gt;&gt;</a>&nbsp;&nbsp;&nbsp;forward_transpose
</UL>

<P><STRONG><a name="[194]"></a>ai_shape_get_size</STRONG> (Thumb, 26 bytes, Stack size 0 bytes, layers_generic_float.o(i.ai_shape_get_size))
<BR><BR>[Called By]<UL><LI><a href="#[e]">&gt;&gt;</a>&nbsp;&nbsp;&nbsp;forward_eltwise
</UL>

<P><STRONG><a name="[1b3]"></a>ai_shape_get_size</STRONG> (Thumb, 26 bytes, Stack size 0 bytes, layers_nl_generic_float.o(i.ai_shape_get_size))
<BR><BR>[Called By]<UL><LI><a href="#[c]">&gt;&gt;</a>&nbsp;&nbsp;&nbsp;forward_sm
</UL>

<P><STRONG><a name="[1b1]"></a>ai_shape_get_size</STRONG> (Thumb, 26 bytes, Stack size 0 bytes, layers_nl_stm32_integer.o(i.ai_shape_get_size))
<BR><BR>[Called By]<UL><LI><a href="#[0]">&gt;&gt;</a>&nbsp;&nbsp;&nbsp;forward_nl_integer
</UL>

<P><STRONG><a name="[197]"></a>ai_shape_get_size</STRONG> (Thumb, 26 bytes, Stack size 0 bytes, layers_stm32_integer.o(i.ai_shape_get_size))
<BR><BR>[Called By]<UL><LI><a href="#[1]">&gt;&gt;</a>&nbsp;&nbsp;&nbsp;forward_eltwise_integer_INT8
</UL>

<P><STRONG><a name="[195]"></a>ai_shape_is_same</STRONG> (Thumb, 46 bytes, Stack size 8 bytes, layers_stm32_integer.o(i.ai_shape_is_same))
<BR><BR>[Stack]<UL><LI>Max Depth = 8<LI>Call Chain = ai_shape_is_same
</UL>
<BR>[Called By]<UL><LI><a href="#[1]">&gt;&gt;</a>&nbsp;&nbsp;&nbsp;forward_eltwise_integer_INT8
</UL>

<P><STRONG><a name="[196]"></a>ai_shape_is_scalar</STRONG> (Thumb, 30 bytes, Stack size 0 bytes, layers_stm32_integer.o(i.ai_shape_is_scalar))
<BR><BR>[Called By]<UL><LI><a href="#[1]">&gt;&gt;</a>&nbsp;&nbsp;&nbsp;forward_eltwise_integer_INT8
</UL>

<P><STRONG><a name="[174]"></a>_get_lut_size</STRONG> (Thumb, 34 bytes, Stack size 0 bytes, ai_datatypes_format.o(i._get_lut_size))
<BR><BR>[Called By]<UL><LI><a href="#[173]">&gt;&gt;</a>&nbsp;&nbsp;&nbsp;ai_array_get_byte_size
</UL>

<P><STRONG><a name="[178]"></a>_ai_forward_layer</STRONG> (Thumb, 18 bytes, Stack size 8 bytes, layers.o(i._ai_forward_layer))
<BR><BR>[Stack]<UL><LI>Max Depth = 8<LI>Call Chain = _ai_forward_layer
</UL>
<BR>[Called By]<UL><LI><a href="#[177]">&gt;&gt;</a>&nbsp;&nbsp;&nbsp;ai_layers_forward_all
</UL>

<P><STRONG><a name="[198]"></a>fw_lite_conv2d_kernel_simple_opt_f32</STRONG> (Thumb, 366 bytes, Stack size 68 bytes, forward_lite_conv2d_if32of32wf32.o(i.fw_lite_conv2d_kernel_simple_opt_f32))
<BR><BR>[Stack]<UL><LI>Max Depth = 68<LI>Call Chain = fw_lite_conv2d_kernel_simple_opt_f32
</UL>
<BR>[Called By]<UL><LI><a href="#[187]">&gt;&gt;</a>&nbsp;&nbsp;&nbsp;forward_lite_conv2d_if32of32wf32
</UL>

<P><STRONG><a name="[1be]"></a>ai_padding_opt_phase2</STRONG> (Thumb, 38 bytes, Stack size 0 bytes, st_sssa8_convolve.o(i.ai_padding_opt_phase2))
<BR><BR>[Called By]<UL><LI><a href="#[18f]">&gt;&gt;</a>&nbsp;&nbsp;&nbsp;st_sssa8_convolve
</UL>

<P><STRONG><a name="[1c7]"></a>ai_padding_opt_phase2</STRONG> (Thumb, 38 bytes, Stack size 0 bytes, st_sssa8_convolve_rgb.o(i.ai_padding_opt_phase2))
<BR><BR>[Called By]<UL><LI><a href="#[18c]">&gt;&gt;</a>&nbsp;&nbsp;&nbsp;st_sssa8_convolve_rgb
</UL>

<P><STRONG><a name="[156]"></a>_printf_core</STRONG> (Thumb, 996 bytes, Stack size 104 bytes, printf8.o(i._printf_core), UNUSED)
<BR><BR>[Calls]<UL><LI><a href="#[170]">&gt;&gt;</a>&nbsp;&nbsp;&nbsp;_printf_pre_padding
<LI><a href="#[171]">&gt;&gt;</a>&nbsp;&nbsp;&nbsp;_printf_post_padding
<LI><a href="#[c0]">&gt;&gt;</a>&nbsp;&nbsp;&nbsp;__aeabi_uldivmod
</UL>
<BR>[Called By]<UL><LI><a href="#[155]">&gt;&gt;</a>&nbsp;&nbsp;&nbsp;__0printf$8
</UL>

<P><STRONG><a name="[171]"></a>_printf_post_padding</STRONG> (Thumb, 36 bytes, Stack size 24 bytes, printf8.o(i._printf_post_padding), UNUSED)
<BR><BR>[Called By]<UL><LI><a href="#[156]">&gt;&gt;</a>&nbsp;&nbsp;&nbsp;_printf_core
</UL>

<P><STRONG><a name="[170]"></a>_printf_pre_padding</STRONG> (Thumb, 46 bytes, Stack size 24 bytes, printf8.o(i._printf_pre_padding), UNUSED)
<BR><BR>[Called By]<UL><LI><a href="#[156]">&gt;&gt;</a>&nbsp;&nbsp;&nbsp;_printf_core
</UL>

<P><STRONG><a name="[b3]"></a>_scanf_char_input</STRONG> (Thumb, 12 bytes, Stack size 0 bytes, scanf_char.o(.text))
<BR>[Address Reference Count : 1]<UL><LI> scanf_char.o(.text)
</UL><P>
<H3>
Undefined Global Symbols
</H3><HR></body></html>
